Archive member included to satisfy reference by file (symbol)

/var/folders/hv/wfz5y4fs3hbbzb0bjmnl07rw0000gn/T/arduino-sketch-7C60E303877333F780D3455652C1E737/core/core.a(main.cpp.o)
                              /Users/jesse/Library/Arduino15/packages/arduino/tools/avr-gcc/7.3.0-atmel3.6.1-arduino7/bin/../lib/gcc/avr/7.3.0/../../../../avr/lib/avr5/crtatmega32u4.o (main)
/var/folders/hv/wfz5y4fs3hbbzb0bjmnl07rw0000gn/T/arduino-sketch-7C60E303877333F780D3455652C1E737/sketch/Atreus.ino.cpp.o
                              /var/folders/hv/wfz5y4fs3hbbzb0bjmnl07rw0000gn/T/arduino-sketch-7C60E303877333F780D3455652C1E737/core/core.a(main.cpp.o) (setup)
/var/folders/hv/wfz5y4fs3hbbzb0bjmnl07rw0000gn/T/arduino-sketch-7C60E303877333F780D3455652C1E737/libraries/Kaleidoscope/Kaleidoscope.a(Runtime.cpp.o)
                              /var/folders/hv/wfz5y4fs3hbbzb0bjmnl07rw0000gn/T/arduino-sketch-7C60E303877333F780D3455652C1E737/sketch/Atreus.ino.cpp.o (_ZN12kaleidoscope8Runtime_5setupEv)
/var/folders/hv/wfz5y4fs3hbbzb0bjmnl07rw0000gn/T/arduino-sketch-7C60E303877333F780D3455652C1E737/libraries/Kaleidoscope/Kaleidoscope.a(layers.cpp.o)
                              /var/folders/hv/wfz5y4fs3hbbzb0bjmnl07rw0000gn/T/arduino-sketch-7C60E303877333F780D3455652C1E737/sketch/Atreus.ino.cpp.o (_ZN12kaleidoscope6Layer_4moveEh)
/var/folders/hv/wfz5y4fs3hbbzb0bjmnl07rw0000gn/T/arduino-sketch-7C60E303877333F780D3455652C1E737/libraries/Kaleidoscope/Kaleidoscope.a(Atreus2.cpp.o)
                              /var/folders/hv/wfz5y4fs3hbbzb0bjmnl07rw0000gn/T/arduino-sketch-7C60E303877333F780D3455652C1E737/libraries/Kaleidoscope/Kaleidoscope.a(Runtime.cpp.o) (_ZN12kaleidoscope6driver10keyscanner4BaseINS_6device10keyboardio11AtreusProps15KeyScannerPropsEE20handleKeyswitchEventENS_3KeyENS_10MatrixAddrILh4ELh12EEEh)
/var/folders/hv/wfz5y4fs3hbbzb0bjmnl07rw0000gn/T/arduino-sketch-7C60E303877333F780D3455652C1E737/libraries/Kaleidoscope/Kaleidoscope.a(EEPROM-Keymap.cpp.o)
                              /var/folders/hv/wfz5y4fs3hbbzb0bjmnl07rw0000gn/T/arduino-sketch-7C60E303877333F780D3455652C1E737/sketch/Atreus.ino.cpp.o (_ZN12kaleidoscope6plugin12EEPROMKeymap7onSetupEv)
/var/folders/hv/wfz5y4fs3hbbzb0bjmnl07rw0000gn/T/arduino-sketch-7C60E303877333F780D3455652C1E737/libraries/Kaleidoscope/Kaleidoscope.a(EEPROM-Settings.cpp.o)
                              /var/folders/hv/wfz5y4fs3hbbzb0bjmnl07rw0000gn/T/arduino-sketch-7C60E303877333F780D3455652C1E737/sketch/Atreus.ino.cpp.o (_ZN12kaleidoscope6plugin14EEPROMSettings7onSetupEv)
/var/folders/hv/wfz5y4fs3hbbzb0bjmnl07rw0000gn/T/arduino-sketch-7C60E303877333F780D3455652C1E737/libraries/Kaleidoscope/Kaleidoscope.a(FocusSerial.cpp.o)
                              /var/folders/hv/wfz5y4fs3hbbzb0bjmnl07rw0000gn/T/arduino-sketch-7C60E303877333F780D3455652C1E737/libraries/Kaleidoscope/Kaleidoscope.a(EEPROM-Keymap.cpp.o) (_ZN12kaleidoscope6plugin11FocusSerial10handleHelpEPKcS3_)
/var/folders/hv/wfz5y4fs3hbbzb0bjmnl07rw0000gn/T/arduino-sketch-7C60E303877333F780D3455652C1E737/libraries/Kaleidoscope/Kaleidoscope.a(Macros.cpp.o)
                              /var/folders/hv/wfz5y4fs3hbbzb0bjmnl07rw0000gn/T/arduino-sketch-7C60E303877333F780D3455652C1E737/sketch/Atreus.ino.cpp.o (_ZN12kaleidoscope6plugin7Macros_16onKeyswitchEventERNS_3KeyENS_10MatrixAddrILh4ELh12EEEh)
/var/folders/hv/wfz5y4fs3hbbzb0bjmnl07rw0000gn/T/arduino-sketch-7C60E303877333F780D3455652C1E737/libraries/Kaleidoscope/Kaleidoscope.a(MouseKeys.cpp.o)
                              /var/folders/hv/wfz5y4fs3hbbzb0bjmnl07rw0000gn/T/arduino-sketch-7C60E303877333F780D3455652C1E737/sketch/Atreus.ino.cpp.o (_ZN12kaleidoscope6plugin10MouseKeys_14afterEachCycleEv)
/var/folders/hv/wfz5y4fs3hbbzb0bjmnl07rw0000gn/T/arduino-sketch-7C60E303877333F780D3455652C1E737/libraries/Kaleidoscope/Kaleidoscope.a(OneShot.cpp.o)
                              /var/folders/hv/wfz5y4fs3hbbzb0bjmnl07rw0000gn/T/arduino-sketch-7C60E303877333F780D3455652C1E737/sketch/Atreus.ino.cpp.o (_ZN12kaleidoscope6plugin7OneShot20beforeReportingStateEv)
/var/folders/hv/wfz5y4fs3hbbzb0bjmnl07rw0000gn/T/arduino-sketch-7C60E303877333F780D3455652C1E737/libraries/Kaleidoscope/Kaleidoscope.a(Qukeys.cpp.o)
                              /var/folders/hv/wfz5y4fs3hbbzb0bjmnl07rw0000gn/T/arduino-sketch-7C60E303877333F780D3455652C1E737/sketch/Atreus.ino.cpp.o (_ZN12kaleidoscope6plugin6Qukeys16onKeyswitchEventERNS_3KeyENS_10MatrixAddrILh4ELh12EEEh)
/var/folders/hv/wfz5y4fs3hbbzb0bjmnl07rw0000gn/T/arduino-sketch-7C60E303877333F780D3455652C1E737/libraries/Kaleidoscope/Kaleidoscope.a(SpaceCadet.cpp.o)
                              /var/folders/hv/wfz5y4fs3hbbzb0bjmnl07rw0000gn/T/arduino-sketch-7C60E303877333F780D3455652C1E737/sketch/Atreus.ino.cpp.o (_ZN12kaleidoscope6plugin10SpaceCadet7disableEv)
/var/folders/hv/wfz5y4fs3hbbzb0bjmnl07rw0000gn/T/arduino-sketch-7C60E303877333F780D3455652C1E737/libraries/Kaleidoscope/Kaleidoscope.a(crc.cpp.o)
[...]
Memory Configuration

Name             Origin             Length             Attributes
text             0x0000000000000000 0x0000000000020000 xr
data             0x0000000000800060 0x000000000000ffa0 rw !x
eeprom           0x0000000000810000 0x0000000000010000 rw !x
fuse             0x0000000000820000 0x0000000000000003 rw !x
lock             0x0000000000830000 0x0000000000000400 rw !x
signature        0x0000000000840000 0x0000000000000400 rw !x
user_signatures  0x0000000000850000 0x0000000000000400 rw !x
*default*        0x0000000000000000 0xffffffffffffffff

Linker script and memory map

Address of section .data set to 0x800100
LOAD /Users/jesse/Library/Arduino15/packages/arduino/tools/avr-gcc/7.3.0-atmel3.6.1-arduino7/bin/../lib/gcc/avr/7.3.0/../../../../avr/lib/avr5/crtatmega32u4.o
LOAD /var/folders/hv/wfz5y4fs3hbbzb0bjmnl07rw0000gn/T/arduino-sketch-7C60E303877333F780D3455652C1E737/Atreus.ino_joined.a
LOAD /Users/jesse/Library/Arduino15/packages/arduino/tools/avr-gcc/7.3.0-atmel3.6.1-arduino7/bin/../lib/gcc/avr/7.3.0/../../../../avr/lib/avr5/libm.a
START GROUP
LOAD /Users/jesse/Library/Arduino15/packages/arduino/tools/avr-gcc/7.3.0-atmel3.6.1-arduino7/bin/../lib/gcc/avr/7.3.0/avr5/libgcc.a
LOAD /Users/jesse/Library/Arduino15/packages/arduino/tools/avr-gcc/7.3.0-atmel3.6.1-arduino7/bin/../lib/gcc/avr/7.3.0/../../../../avr/lib/avr5/libm.a
LOAD /Users/jesse/Library/Arduino15/packages/arduino/tools/avr-gcc/7.3.0-atmel3.6.1-arduino7/bin/../lib/gcc/avr/7.3.0/../../../../avr/lib/avr5/libc.a
LOAD /Users/jesse/Library/Arduino15/packages/arduino/tools/avr-gcc/7.3.0-atmel3.6.1-arduino7/bin/../lib/gcc/avr/7.3.0/../../../../avr/lib/avr5/libatmega32u4.a
END GROUP
                0x0000000000020000                __TEXT_REGION_LENGTH__ = DEFINED (__TEXT_REGION_LENGTH__)?__TEXT_REGION_LENGTH__:0x20000
                0x000000000000ffa0                __DATA_REGION_LENGTH__ = DEFINED (__DATA_REGION_LENGTH__)?__DATA_REGION_LENGTH__:0xffa0
                0x0000000000010000                __EEPROM_REGION_LENGTH__ = DEFINED (__EEPROM_REGION_LENGTH__)?__EEPROM_REGION_LENGTH__:0x10000
                [0x0000000000000003]                __FUSE_REGION_LENGTH__ = DEFINED (__FUSE_REGION_LENGTH__)?__FUSE_REGION_LENGTH__:0x400
                0x0000000000000400                __LOCK_REGION_LENGTH__ = DEFINED (__LOCK_REGION_LENGTH__)?__LOCK_REGION_LENGTH__:0x400
                0x0000000000000400                __SIGNATURE_REGION_LENGTH__ = DEFINED (__SIGNATURE_REGION_LENGTH__)?__SIGNATURE_REGION_LENGTH__:0x400
                0x0000000000000400                __USER_SIGNATURE_REGION_LENGTH__ = DEFINED (__USER_SIGNATURE_REGION_LENGTH__)?__USER_SIGNATURE_REGION_LENGTH__:0x400
                0x0000000000800060                __DATA_REGION_ORIGIN__ = DEFINED (__DATA_REGION_ORIGIN__)?__DATA_REGION_ORIGIN__:0x800060

.hash
 *(.hash)

.dynsym
 *(.dynsym)

.dynstr
 *(.dynstr)

.gnu.version
 *(.gnu.version)

.gnu.version_d
 *(.gnu.version_d)

.gnu.version_r
 *(.gnu.version_r)

.rel.init
 *(.rel.init)

.rela.init
 *(.rela.init)

.rel.text
 *(.rel.text)
 *(.rel.text.*)
 *(.rel.gnu.linkonce.t*)

.rela.text
 *(.rela.text)
 *(.rela.text.*)
 *(.rela.gnu.linkonce.t*)

.rel.fini
 *(.rel.fini)

.rela.fini
 *(.rela.fini)

.rel.rodata
 *(.rel.rodata)
 *(.rel.rodata.*)
 *(.rel.gnu.linkonce.r*)

.rela.rodata
 *(.rela.rodata)
 *(.rela.rodata.*)
 *(.rela.gnu.linkonce.r*)

.rel.data
 *(.rel.data)
 *(.rel.data.*)
 *(.rel.gnu.linkonce.d*)

.rela.data
 *(.rela.data)
 *(.rela.data.*)
 *(.rela.gnu.linkonce.d*)

.rel.ctors
 *(.rel.ctors)

.rela.ctors
 *(.rela.ctors)

.rel.dtors
 *(.rel.dtors)

.rela.dtors
 *(.rela.dtors)

.rel.got
 *(.rel.got)

.rela.got
 *(.rela.got)

.rel.bss
 *(.rel.bss)

.rela.bss
 *(.rela.bss)

.rel.plt
 *(.rel.plt)

.rela.plt
 *(.rela.plt)

.text           0x0000000000000000     0x52d4
 *(.vectors)
 .vectors       0x0000000000000000       0xac /Users/jesse/Library/Arduino15/packages/arduino/tools/avr-gcc/7.3.0-atmel3.6.1-arduino7/bin/../lib/gcc/avr/7.3.0/../../../../avr/lib/avr5/crtatmega32u4.o
                0x0000000000000000                __vectors
                0x0000000000000000                __vector_default
 *(.vectors)
 *(.progmem.gcc*)
                0x00000000000000ac                . = ALIGN (0x2)
                0x00000000000000ac                __trampolines_start = .
 *(.trampolines)
 .trampolines   0x00000000000000ac        0x0 linker stubs
 *(.trampolines*)
                0x00000000000000ac                __trampolines_end = .
 *libprintf_flt.a:*(.progmem.data)
 *libc.a:*(.progmem.data)
 *(.progmem*)
 .progmem.data._ZZ11macroActionhhE3__c_0
                0x00000000000000ac        0xe /var/folders/hv/wfz5y4fs3hbbzb0bjmnl07rw0000gn/T/arduino-sketch-7C60E303877333F780D3455652C1E737/sketch/Atreus.ino.cpp.o
 .progmem.data._ZZ11macroActionhhE3__c
                0x00000000000000ba       0x22 /var/folders/hv/wfz5y4fs3hbbzb0bjmnl07rw0000gn/T/arduino-sketch-7C60E303877333F780D3455652C1E737/sketch/Atreus.ino.cpp.o
 .progmem.data.keymaps_linear
                0x00000000000000dc      0x120 /var/folders/hv/wfz5y4fs3hbbzb0bjmnl07rw0000gn/T/arduino-sketch-7C60E303877333F780D3455652C1E737/sketch/Atreus.ino.cpp.o
                0x00000000000000dc                keymaps_linear
 .progmem.data._ZZN12kaleidoscope6plugin12EEPROMKeymap12onFocusEventEPKcE3__c_3
                0x00000000000001fc        0x7 /var/folders/hv/wfz5y4fs3hbbzb0bjmnl07rw0000gn/T/arduino-sketch-7C60E303877333F780D3455652C1E737/libraries/Kaleidoscope/Kaleidoscope.a(EEPROM-Keymap.cpp.o)
 .progmem.data._ZZN12kaleidoscope6plugin12EEPROMKeymap12onFocusEventEPKcE3__c_2
                0x0000000000000203        0x8 /var/folders/hv/wfz5y4fs3hbbzb0bjmnl07rw0000gn/T/arduino-sketch-7C60E303877333F780D3455652C1E737/libraries/Kaleidoscope/Kaleidoscope.a(EEPROM-Keymap.cpp.o)
 .progmem.data._ZZN12kaleidoscope6plugin12EEPROMKeymap12onFocusEventEPKcE3__c_1
                0x000000000000020b        0xb /var/folders/hv/wfz5y4fs3hbbzb0bjmnl07rw0000gn/T/arduino-sketch-7C60E303877333F780D3455652C1E737/libraries/Kaleidoscope/Kaleidoscope.a(EEPROM-Keymap.cpp.o)
 .progmem.data._ZZN12kaleidoscope6plugin12EEPROMKeymap12onFocusEventEPKcE3__c_0
                0x0000000000000216        0x8 /var/folders/hv/wfz5y4fs3hbbzb0bjmnl07rw0000gn/T/arduino-sketch-7C60E303877333F780D3455652C1E737/libraries/Kaleidoscope/Kaleidoscope.a(EEPROM-Keymap.cpp.o)
 .progmem.data._ZZN12kaleidoscope6plugin12EEPROMKeymap12onFocusEventEPKcE3__c
                0x000000000000021e       0x2f /var/folders/hv/wfz5y4fs3hbbzb0bjmnl07rw0000gn/T/arduino-sketch-7C60E303877333F780D3455652C1E737/libraries/Kaleidoscope/Kaleidoscope.a(EEPROM-Keymap.cpp.o)
 .progmem.data._ZZN12kaleidoscope6plugin18FocusEEPROMCommand12onFocusEventEPKcE3__c_1
                0x000000000000024d        0xc /var/folders/hv/wfz5y4fs3hbbzb0bjmnl07rw0000gn/T/arduino-sketch-7C60E303877333F780D3455652C1E737/libraries/Kaleidoscope/Kaleidoscope.a(EEPROM-Settings.cpp.o)
 .progmem.data._ZZN12kaleidoscope6plugin18FocusEEPROMCommand12onFocusEventEPKcE3__c_0
                0x0000000000000259       0x10 /var/folders/hv/wfz5y4fs3hbbzb0bjmnl07rw0000gn/T/arduino-sketch-7C60E303877333F780D3455652C1E737/libraries/Kaleidoscope/Kaleidoscope.a(EEPROM-Settings.cpp.o)
 .progmem.data._ZZN12kaleidoscope6plugin18FocusEEPROMCommand12onFocusEventEPKcE3__c
                0x0000000000000269       0x1c /var/folders/hv/wfz5y4fs3hbbzb0bjmnl07rw0000gn/T/arduino-sketch-7C60E303877333F780D3455652C1E737/libraries/Kaleidoscope/Kaleidoscope.a(EEPROM-Settings.cpp.o)
 .progmem.data._ZZN12kaleidoscope6plugin20FocusSettingsCommand12onFocusEventEPKcE3__c_5
                0x0000000000000285        0x2 /var/folders/hv/wfz5y4fs3hbbzb0bjmnl07rw0000gn/T/arduino-sketch-7C60E303877333F780D3455652C1E737/libraries/Kaleidoscope/Kaleidoscope.a(EEPROM-Settings.cpp.o)
 .progmem.data._ZZN12kaleidoscope6plugin20FocusSettingsCommand12onFocusEventEPKcE3__c_4
                0x0000000000000287        0x4 /var/folders/hv/wfz5y4fs3hbbzb0bjmnl07rw0000gn/T/arduino-sketch-7C60E303877333F780D3455652C1E737/libraries/Kaleidoscope/Kaleidoscope.a(EEPROM-Settings.cpp.o)
 .progmem.data._ZZN12kaleidoscope6plugin20FocusSettingsCommand12onFocusEventEPKcE3__c_3
                0x000000000000028b        0x8 /var/folders/hv/wfz5y4fs3hbbzb0bjmnl07rw0000gn/T/arduino-sketch-7C60E303877333F780D3455652C1E737/libraries/Kaleidoscope/Kaleidoscope.a(EEPROM-Settings.cpp.o)
 .progmem.data._ZZN12kaleidoscope6plugin20FocusSettingsCommand12onFocusEventEPKcE3__c_2
                0x0000000000000293        0x7 /var/folders/hv/wfz5y4fs3hbbzb0bjmnl07rw0000gn/T/arduino-sketch-7C60E303877333F780D3455652C1E737/libraries/Kaleidoscope/Kaleidoscope.a(EEPROM-Settings.cpp.o)
 .progmem.data._ZZN12kaleidoscope6plugin20FocusSettingsCommand12onFocusEventEPKcE3__c_1
                0x000000000000029a        0xd /var/folders/hv/wfz5y4fs3hbbzb0bjmnl07rw0000gn/T/arduino-sketch-7C60E303877333F780D3455652C1E737/libraries/Kaleidoscope/Kaleidoscope.a(EEPROM-Settings.cpp.o)
 .progmem.data._ZZN12kaleidoscope6plugin20FocusSettingsCommand12onFocusEventEPKcE3__c_0
                0x00000000000002a7        0xa /var/folders/hv/wfz5y4fs3hbbzb0bjmnl07rw0000gn/T/arduino-sketch-7C60E303877333F780D3455652C1E737/libraries/Kaleidoscope/Kaleidoscope.a(EEPROM-Settings.cpp.o)
 .progmem.data._ZZN12kaleidoscope6plugin20FocusSettingsCommand12onFocusEventEPKcE3__c
                0x00000000000002b1       0x44 /var/folders/hv/wfz5y4fs3hbbzb0bjmnl07rw0000gn/T/arduino-sketch-7C60E303877333F780D3455652C1E737/libraries/Kaleidoscope/Kaleidoscope.a(EEPROM-Settings.cpp.o)
 .progmem.data._ZZN12kaleidoscope6plugin11FocusSerial9printBoolEbE3__c_0
                0x00000000000002f5        0x6 /var/folders/hv/wfz5y4fs3hbbzb0bjmnl07rw0000gn/T/arduino-sketch-7C60E303877333F780D3455652C1E737/libraries/Kaleidoscope/Kaleidoscope.a(FocusSerial.cpp.o)
 .progmem.data._ZZN12kaleidoscope6plugin11FocusSerial9printBoolEbE3__c
                0x00000000000002fb        0x5 /var/folders/hv/wfz5y4fs3hbbzb0bjmnl07rw0000gn/T/arduino-sketch-7C60E303877333F780D3455652C1E737/libraries/Kaleidoscope/Kaleidoscope.a(FocusSerial.cpp.o)
 .progmem.data._ZZN12kaleidoscope6plugin11FocusSerial12onFocusEventEPKcE3__c
                0x0000000000000300        0x5 /var/folders/hv/wfz5y4fs3hbbzb0bjmnl07rw0000gn/T/arduino-sketch-7C60E303877333F780D3455652C1E737/libraries/Kaleidoscope/Kaleidoscope.a(FocusSerial.cpp.o)
 .progmem.data._ZZN12kaleidoscope6plugin11FocusSerial10handleHelpEPKcS3_E3__c
                0x0000000000000305        0x5 /var/folders/hv/wfz5y4fs3hbbzb0bjmnl07rw0000gn/T/arduino-sketch-7C60E303877333F780D3455652C1E737/libraries/Kaleidoscope/Kaleidoscope.a(FocusSerial.cpp.o)
 .progmem.data._ZZN12kaleidoscope6plugin11FocusSerial20beforeReportingStateEvE3__c
                0x000000000000030a        0x4 /var/folders/hv/wfz5y4fs3hbbzb0bjmnl07rw0000gn/T/arduino-sketch-7C60E303877333F780D3455652C1E737/libraries/Kaleidoscope/Kaleidoscope.a(FocusSerial.cpp.o)
 .progmem.data._ZN12kaleidoscope6pluginL16ascii_to_key_mapE
                0x000000000000030e       0x42 /var/folders/hv/wfz5y4fs3hbbzb0bjmnl07rw0000gn/T/arduino-sketch-7C60E303877333F780D3455652C1E737/libraries/Kaleidoscope/Kaleidoscope.a(Macros.cpp.o)
 .progmem.data._ZL28_hidReportDescriptorKeyboard
                0x0000000000000350       0x3f /var/folders/hv/wfz5y4fs3hbbzb0bjmnl07rw0000gn/T/arduino-sketch-7C60E303877333F780D3455652C1E737/libraries/KeyboardioHID/KeyboardioHID.a(BootKeyboard.cpp.o)
 .progmem.data._ZL33_hidMultiReportDescriptorConsumer
                0x000000000000038f       0x19 /var/folders/hv/wfz5y4fs3hbbzb0bjmnl07rw0000gn/T/arduino-sketch-7C60E303877333F780D3455652C1E737/libraries/KeyboardioHID/KeyboardioHID.a(ConsumerControl.cpp.o)
 .progmem.data._ZL33_hidMultiReportDescriptorKeyboard
                0x00000000000003a8       0x41 /var/folders/hv/wfz5y4fs3hbbzb0bjmnl07rw0000gn/T/arduino-sketch-7C60E303877333F780D3455652C1E737/libraries/KeyboardioHID/KeyboardioHID.a(Keyboard.cpp.o)
 .progmem.data._ZL30_hidMultiReportDescriptorMouse
                0x00000000000003e9       0x3a /var/folders/hv/wfz5y4fs3hbbzb0bjmnl07rw0000gn/T/arduino-sketch-7C60E303877333F780D3455652C1E737/libraries/KeyboardioHID/KeyboardioHID.a(Mouse.cpp.o)
 .progmem.data._ZL31_hidMultiReportDescriptorSystem
                0x0000000000000423       0x18 /var/folders/hv/wfz5y4fs3hbbzb0bjmnl07rw0000gn/T/arduino-sketch-7C60E303877333F780D3455652C1E737/libraries/KeyboardioHID/KeyboardioHID.a(SystemControl.cpp.o)
 .progmem.data._ZL39_hidSingleReportDescriptorAbsoluteMouse
                0x000000000000043b       0x35 /var/folders/hv/wfz5y4fs3hbbzb0bjmnl07rw0000gn/T/arduino-sketch-7C60E303877333F780D3455652C1E737/libraries/KeyboardioHID/KeyboardioHID.a(SingleAbsoluteMouse.cpp.o)
 .progmem.data._cdcInterface
                0x0000000000000470       0x42 /var/folders/hv/wfz5y4fs3hbbzb0bjmnl07rw0000gn/T/arduino-sketch-7C60E303877333F780D3455652C1E737/core/core.a(CDC.cpp.o)
                0x0000000000000470                _cdcInterface
 .progmem.data.USB_DeviceDescriptorIAD
                0x00000000000004b2       0x12 /var/folders/hv/wfz5y4fs3hbbzb0bjmnl07rw0000gn/T/arduino-sketch-7C60E303877333F780D3455652C1E737/core/core.a(USBCore.cpp.o)
                0x00000000000004b2                USB_DeviceDescriptorIAD
 .progmem.data.STRING_MANUFACTURER
                0x00000000000004c4        0xb /var/folders/hv/wfz5y4fs3hbbzb0bjmnl07rw0000gn/T/arduino-sketch-7C60E303877333F780D3455652C1E737/core/core.a(USBCore.cpp.o)
                0x00000000000004c4                STRING_MANUFACTURER
 .progmem.data.STRING_PRODUCT
                0x00000000000004cf        0x7 /var/folders/hv/wfz5y4fs3hbbzb0bjmnl07rw0000gn/T/arduino-sketch-7C60E303877333F780D3455652C1E737/core/core.a(USBCore.cpp.o)
                0x00000000000004cf                STRING_PRODUCT
 .progmem.data.STRING_LANGUAGE
                0x00000000000004d6        0x4 /var/folders/hv/wfz5y4fs3hbbzb0bjmnl07rw0000gn/T/arduino-sketch-7C60E303877333F780D3455652C1E737/core/core.a(USBCore.cpp.o)
                0x00000000000004d6                STRING_LANGUAGE
                0x00000000000004da                . = ALIGN (0x2)
 *(.jumptables)
 *(.jumptables*)
 *(.lowtext)
 *(.lowtext*)
                0x00000000000004da                __ctors_start = .
 *(.ctors)
 .ctors         0x00000000000004da        0x2 /var/folders/hv/wfz5y4fs3hbbzb0bjmnl07rw0000gn/T/arduino-sketch-7C60E303877333F780D3455652C1E737/libraries/Kaleidoscope/Kaleidoscope.a(OneShot.cpp.o)
 .ctors         0x00000000000004dc        0x2 /var/folders/hv/wfz5y4fs3hbbzb0bjmnl07rw0000gn/T/arduino-sketch-7C60E303877333F780D3455652C1E737/libraries/Kaleidoscope/Kaleidoscope.a(Qukeys.cpp.o)
 .ctors         0x00000000000004de        0x2 /var/folders/hv/wfz5y4fs3hbbzb0bjmnl07rw0000gn/T/arduino-sketch-7C60E303877333F780D3455652C1E737/libraries/Kaleidoscope/Kaleidoscope.a(SpaceCadet.cpp.o)
 .ctors         0x00000000000004e0        0x2 /var/folders/hv/wfz5y4fs3hbbzb0bjmnl07rw0000gn/T/arduino-sketch-7C60E303877333F780D3455652C1E737/libraries/Kaleidoscope/Kaleidoscope.a(crc.cpp.o)
 .ctors         0x00000000000004e2        0x2 /var/folders/hv/wfz5y4fs3hbbzb0bjmnl07rw0000gn/T/arduino-sketch-7C60E303877333F780D3455652C1E737/libraries/Kaleidoscope/Kaleidoscope.a(device.cpp.o)
 .ctors         0x00000000000004e4        0x2 /var/folders/hv/wfz5y4fs3hbbzb0bjmnl07rw0000gn/T/arduino-sketch-7C60E303877333F780D3455652C1E737/libraries/KeyboardioHID/KeyboardioHID.a(BootKeyboard.cpp.o)
 .ctors         0x00000000000004e6        0x2 /var/folders/hv/wfz5y4fs3hbbzb0bjmnl07rw0000gn/T/arduino-sketch-7C60E303877333F780D3455652C1E737/libraries/KeyboardioHID/KeyboardioHID.a(ConsumerControl.cpp.o)
 .ctors         0x00000000000004e8        0x2 /var/folders/hv/wfz5y4fs3hbbzb0bjmnl07rw0000gn/T/arduino-sketch-7C60E303877333F780D3455652C1E737/libraries/KeyboardioHID/KeyboardioHID.a(Keyboard.cpp.o)
 .ctors         0x00000000000004ea        0x2 /var/folders/hv/wfz5y4fs3hbbzb0bjmnl07rw0000gn/T/arduino-sketch-7C60E303877333F780D3455652C1E737/libraries/KeyboardioHID/KeyboardioHID.a(SystemControl.cpp.o)
 .ctors         0x00000000000004ec        0x2 /var/folders/hv/wfz5y4fs3hbbzb0bjmnl07rw0000gn/T/arduino-sketch-7C60E303877333F780D3455652C1E737/libraries/KeyboardioHID/KeyboardioHID.a(SingleAbsoluteMouse.cpp.o)
 .ctors         0x00000000000004ee        0x2 /var/folders/hv/wfz5y4fs3hbbzb0bjmnl07rw0000gn/T/arduino-sketch-7C60E303877333F780D3455652C1E737/core/core.a(CDC.cpp.o)
                0x00000000000004f0                __ctors_end = .
                0x00000000000004f0                __dtors_start = .
 *(.dtors)
                0x00000000000004f0                __dtors_end = .
 SORT(*)(.ctors)
 SORT(*)(.dtors)
 *(.init0)
 .init0         0x00000000000004f0        0x0 /Users/jesse/Library/Arduino15/packages/arduino/tools/avr-gcc/7.3.0-atmel3.6.1-arduino7/bin/../lib/gcc/avr/7.3.0/../../../../avr/lib/avr5/crtatmega32u4.o
                0x00000000000004f0                __init
 *(.init0)
 *(.init1)
 *(.init1)
 *(.init2)
 .init2         0x00000000000004f0        0xc /Users/jesse/Library/Arduino15/packages/arduino/tools/avr-gcc/7.3.0-atmel3.6.1-arduino7/bin/../lib/gcc/avr/7.3.0/../../../../avr/lib/avr5/crtatmega32u4.o
 *(.init2)
 *(.init3)
 *(.init3)
 *(.init4)
 .init4         0x00000000000004fc       0x16 /Users/jesse/Library/Arduino15/packages/arduino/tools/avr-gcc/7.3.0-atmel3.6.1-arduino7/bin/../lib/gcc/avr/7.3.0/avr5/libgcc.a(_copy_data.o)
                0x00000000000004fc                __do_copy_data
 .init4         0x0000000000000512       0x10 /Users/jesse/Library/Arduino15/packages/arduino/tools/avr-gcc/7.3.0-atmel3.6.1-arduino7/bin/../lib/gcc/avr/7.3.0/avr5/libgcc.a(_clear_bss.o)
                0x0000000000000512                __do_clear_bss
 *(.init4)
 *(.init5)
 *(.init5)
 *(.init6)
 .init6         0x0000000000000522       0x16 /Users/jesse/Library/Arduino15/packages/arduino/tools/avr-gcc/7.3.0-atmel3.6.1-arduino7/bin/../lib/gcc/avr/7.3.0/avr5/libgcc.a(_ctors.o)
                0x0000000000000522                __do_global_ctors
 *(.init6)
 *(.init7)
 *(.init7)
 *(.init8)
 *(.init8)
 *(.init9)
 .init9         0x0000000000000538        0x8 /Users/jesse/Library/Arduino15/packages/arduino/tools/avr-gcc/7.3.0-atmel3.6.1-arduino7/bin/../lib/gcc/avr/7.3.0/../../../../avr/lib/avr5/crtatmega32u4.o
 *(.init9)
 *(.text)
 .text          0x0000000000000540        0x4 /Users/jesse/Library/Arduino15/packages/arduino/tools/avr-gcc/7.3.0-atmel3.6.1-arduino7/bin/../lib/gcc/avr/7.3.0/../../../../avr/lib/avr5/crtatmega32u4.o
                0x0000000000000540                __vector_42
                0x0000000000000540                __vector_22
                0x0000000000000540                __vector_28
                0x0000000000000540                __vector_1
                0x0000000000000540                __vector_32
                0x0000000000000540                __vector_34
                0x0000000000000540                __vector_24
                0x0000000000000540                __vector_12
                0x0000000000000540                __bad_interrupt
                0x0000000000000540                __vector_6
                0x0000000000000540                __vector_31
                0x0000000000000540                __vector_35
                0x0000000000000540                __vector_39
                0x0000000000000540                __vector_3
                0x0000000000000540                __vector_30
                0x0000000000000540                __vector_25
                0x0000000000000540                __vector_13
                0x0000000000000540                __vector_17
                0x0000000000000540                __vector_19
                0x0000000000000540                __vector_7
                0x0000000000000540                __vector_41
                0x0000000000000540                __vector_27
                0x0000000000000540                __vector_5
                0x0000000000000540                __vector_33
                0x0000000000000540                __vector_37
                0x0000000000000540                __vector_4
                0x0000000000000540                __vector_9
                0x0000000000000540                __vector_2
                0x0000000000000540                __vector_21
                0x0000000000000540                __vector_15
                0x0000000000000540                __vector_36
                0x0000000000000540                __vector_29
                0x0000000000000540                __vector_40
                0x0000000000000540                __vector_8
                0x0000000000000540                __vector_26
                0x0000000000000540                __vector_14
                0x0000000000000540                __vector_16
                0x0000000000000540                __vector_18
                0x0000000000000540                __vector_38
                0x0000000000000544                . = ALIGN (0x2)
 *(.text.*)
 .text.initVariant
                0x0000000000000544        0x2 /var/folders/hv/wfz5y4fs3hbbzb0bjmnl07rw0000gn/T/arduino-sketch-7C60E303877333F780D3455652C1E737/core/core.a(main.cpp.o)
                0x0000000000000544                initVariant
 .text.startup.main
                0x0000000000000546       0x26 /var/folders/hv/wfz5y4fs3hbbzb0bjmnl07rw0000gn/T/arduino-sketch-7C60E303877333F780D3455652C1E737/core/core.a(main.cpp.o)
                0x0000000000000546                main
 .text._ZN12kaleidoscope18sketch_exploration20pluginsExploreSketchEv
                0x000000000000056c        0x2 /var/folders/hv/wfz5y4fs3hbbzb0bjmnl07rw0000gn/T/arduino-sketch-7C60E303877333F780D3455652C1E737/sketch/Atreus.ino.cpp.o
                0x000000000000056c                _ZN12kaleidoscope18sketch_exploration20pluginsExploreSketchEv
 .text._ZN4HID_12getShortNameEPc
                0x000000000000056e       0x14 /var/folders/hv/wfz5y4fs3hbbzb0bjmnl07rw0000gn/T/arduino-sketch-7C60E303877333F780D3455652C1E737/sketch/Atreus.ino.cpp.o
                0x000000000000056e                _ZN4HID_12getShortNameEPc
 .text._ZN12kaleidoscope5Hooks7onSetupEv
                0x0000000000000582       0x18 /var/folders/hv/wfz5y4fs3hbbzb0bjmnl07rw0000gn/T/arduino-sketch-7C60E303877333F780D3455652C1E737/sketch/Atreus.ino.cpp.o
                0x0000000000000582                _ZN12kaleidoscope5Hooks7onSetupEv
 .text._ZN12kaleidoscope5Hooks15beforeEachCycleEv
                0x000000000000059a        0xe /var/folders/hv/wfz5y4fs3hbbzb0bjmnl07rw0000gn/T/arduino-sketch-7C60E303877333F780D3455652C1E737/sketch/Atreus.ino.cpp.o
                0x000000000000059a                _ZN12kaleidoscope5Hooks15beforeEachCycleEv
 .text._ZN12kaleidoscope5Hooks16onKeyswitchEventERNS_3KeyENS_10MatrixAddrILh4ELh12EEEh
                0x00000000000005a8       0x7a /var/folders/hv/wfz5y4fs3hbbzb0bjmnl07rw0000gn/T/arduino-sketch-7C60E303877333F780D3455652C1E737/sketch/Atreus.ino.cpp.o
                0x00000000000005a8                _ZN12kaleidoscope5Hooks16onKeyswitchEventERNS_3KeyENS_10MatrixAddrILh4ELh12EEEh
 .text._ZN12kaleidoscope5Hooks12onFocusEventEPKc
                0x0000000000000622       0x54 /var/folders/hv/wfz5y4fs3hbbzb0bjmnl07rw0000gn/T/arduino-sketch-7C60E303877333F780D3455652C1E737/sketch/Atreus.ino.cpp.o
                0x0000000000000622                _ZN12kaleidoscope5Hooks12onFocusEventEPKc
 .text._ZN12kaleidoscope5Hooks13onLayerChangeEv
                0x0000000000000676        0x6 /var/folders/hv/wfz5y4fs3hbbzb0bjmnl07rw0000gn/T/arduino-sketch-7C60E303877333F780D3455652C1E737/sketch/Atreus.ino.cpp.o
                0x0000000000000676                _ZN12kaleidoscope5Hooks13onLayerChangeEv
 .text._ZN12kaleidoscope5Hooks20beforeReportingStateEv
                0x000000000000067c       0x28 /var/folders/hv/wfz5y4fs3hbbzb0bjmnl07rw0000gn/T/arduino-sketch-7C60E303877333F780D3455652C1E737/sketch/Atreus.ino.cpp.o
                0x000000000000067c                _ZN12kaleidoscope5Hooks20beforeReportingStateEv
 .text._ZN12kaleidoscope5Hooks14afterEachCycleEv
                0x00000000000006a4       0x18 /var/folders/hv/wfz5y4fs3hbbzb0bjmnl07rw0000gn/T/arduino-sketch-7C60E303877333F780D3455652C1E737/sketch/Atreus.ino.cpp.o
                0x00000000000006a4                _ZN12kaleidoscope5Hooks14afterEachCycleEv
 .text._Z11macroActionhh
                0x00000000000006bc       0x38 /var/folders/hv/wfz5y4fs3hbbzb0bjmnl07rw0000gn/T/arduino-sketch-7C60E303877333F780D3455652C1E737/sketch/Atreus.ino.cpp.o
                0x00000000000006bc                _Z11macroActionhh
 .text.setup    0x00000000000006f4       0x16 /var/folders/hv/wfz5y4fs3hbbzb0bjmnl07rw0000gn/T/arduino-sketch-7C60E303877333F780D3455652C1E737/sketch/Atreus.ino.cpp.o
                0x00000000000006f4                setup
 .text.loop     0x000000000000070a        0xc /var/folders/hv/wfz5y4fs3hbbzb0bjmnl07rw0000gn/T/arduino-sketch-7C60E303877333F780D3455652C1E737/sketch/Atreus.ino.cpp.o
                0x000000000000070a                loop
 .text._ZN12kaleidoscope6driver3hid4base8KeyboardINS1_10keyboardio13KeyboardPropsEE5setupEv.isra.21
                0x0000000000000716       0x20 /var/folders/hv/wfz5y4fs3hbbzb0bjmnl07rw0000gn/T/arduino-sketch-7C60E303877333F780D3455652C1E737/libraries/Kaleidoscope/Kaleidoscope.a(Runtime.cpp.o)
 .text._ZN12kaleidoscope6driver10keyscanner6ATmegaINS_6device10keyboardio11AtreusProps15KeyScannerPropsEE8readColsEv.isra.26
                0x0000000000000736       0x56 /var/folders/hv/wfz5y4fs3hbbzb0bjmnl07rw0000gn/T/arduino-sketch-7C60E303877333F780D3455652C1E737/libraries/Kaleidoscope/Kaleidoscope.a(Runtime.cpp.o)
 .text._ZN12kaleidoscope6driver10keyscanner6ATmegaINS_6device10keyboardio11AtreusProps15KeyScannerPropsEE15actOnMatrixScanEv.isra.27
                0x000000000000078c      0x242 /var/folders/hv/wfz5y4fs3hbbzb0bjmnl07rw0000gn/T/arduino-sketch-7C60E303877333F780D3455652C1E737/libraries/Kaleidoscope/Kaleidoscope.a(Runtime.cpp.o)
 .text._ZN12kaleidoscope6driver3hid4base8KeyboardINS1_10keyboardio13KeyboardPropsEE11pressRawKeyENS_3KeyE.isra.24
                0x00000000000009ce       0x26 /var/folders/hv/wfz5y4fs3hbbzb0bjmnl07rw0000gn/T/arduino-sketch-7C60E303877333F780D3455652C1E737/libraries/Kaleidoscope/Kaleidoscope.a(Runtime.cpp.o)
 .text._ZN12kaleidoscope6driver3hid4base8KeyboardINS1_10keyboardio13KeyboardPropsEE10sendReportEv
                0x00000000000009f4       0xb2 /var/folders/hv/wfz5y4fs3hbbzb0bjmnl07rw0000gn/T/arduino-sketch-7C60E303877333F780D3455652C1E737/libraries/Kaleidoscope/Kaleidoscope.a(Runtime.cpp.o)
                0x00000000000009f4                _ZN12kaleidoscope6driver3hid4base8KeyboardINS1_10keyboardio13KeyboardPropsEE10sendReportEv
 .text._ZN12kaleidoscope6driver3hid4base8KeyboardINS1_10keyboardio13KeyboardPropsEE14releaseAllKeysEv
                0x0000000000000aa6       0x2a /var/folders/hv/wfz5y4fs3hbbzb0bjmnl07rw0000gn/T/arduino-sketch-7C60E303877333F780D3455652C1E737/libraries/Kaleidoscope/Kaleidoscope.a(Runtime.cpp.o)
                0x0000000000000aa6                _ZN12kaleidoscope6driver3hid4base8KeyboardINS1_10keyboardio13KeyboardPropsEE14releaseAllKeysEv
 .text._ZN12kaleidoscope6driver10keyscanner6ATmegaINS_6device10keyboardio11AtreusProps15KeyScannerPropsEE5setupEv
                0x0000000000000ad0       0xb6 /var/folders/hv/wfz5y4fs3hbbzb0bjmnl07rw0000gn/T/arduino-sketch-7C60E303877333F780D3455652C1E737/libraries/Kaleidoscope/Kaleidoscope.a(Runtime.cpp.o)
                0x0000000000000ad0                _ZN12kaleidoscope6driver10keyscanner6ATmegaINS_6device10keyboardio11AtreusProps15KeyScannerPropsEE5setupEv
 .text._ZN12kaleidoscope8Runtime_5setupEv
                0x0000000000000b86       0x2c /var/folders/hv/wfz5y4fs3hbbzb0bjmnl07rw0000gn/T/arduino-sketch-7C60E303877333F780D3455652C1E737/libraries/Kaleidoscope/Kaleidoscope.a(Runtime.cpp.o)
                0x0000000000000b86                _ZN12kaleidoscope8Runtime_5setupEv
 .text._ZN12kaleidoscope6driver10keyscanner6ATmegaINS_6device10keyboardio11AtreusProps15KeyScannerPropsEE10readMatrixEv
                0x0000000000000bb2      0x126 /var/folders/hv/wfz5y4fs3hbbzb0bjmnl07rw0000gn/T/arduino-sketch-7C60E303877333F780D3455652C1E737/libraries/Kaleidoscope/Kaleidoscope.a(Runtime.cpp.o)
                0x0000000000000bb2                _ZN12kaleidoscope6driver10keyscanner6ATmegaINS_6device10keyboardio11AtreusProps15KeyScannerPropsEE10readMatrixEv
 .text._ZN12kaleidoscope8Runtime_4loopEv
                0x0000000000000cd8       0x48 /var/folders/hv/wfz5y4fs3hbbzb0bjmnl07rw0000gn/T/arduino-sketch-7C60E303877333F780D3455652C1E737/libraries/Kaleidoscope/Kaleidoscope.a(Runtime.cpp.o)
                0x0000000000000cd8                _ZN12kaleidoscope8Runtime_4loopEv
 .text._ZN12kaleidoscope6Layer_17getKeyFromPROGMEMEhNS_10MatrixAddrILh4ELh12EEE
                0x0000000000000d20       0x22 /var/folders/hv/wfz5y4fs3hbbzb0bjmnl07rw0000gn/T/arduino-sketch-7C60E303877333F780D3455652C1E737/libraries/Kaleidoscope/Kaleidoscope.a(layers.cpp.o)
                0x0000000000000d20                _ZN12kaleidoscope6Layer_17getKeyFromPROGMEMEhNS_10MatrixAddrILh4ELh12EEE
 .text._ZN12kaleidoscope6Layer_25updateLiveCompositeKeymapENS_10MatrixAddrILh4ELh12EEE
                0x0000000000000d42       0x30 /var/folders/hv/wfz5y4fs3hbbzb0bjmnl07rw0000gn/T/arduino-sketch-7C60E303877333F780D3455652C1E737/libraries/Kaleidoscope/Kaleidoscope.a(layers.cpp.o)
                0x0000000000000d42                _ZN12kaleidoscope6Layer_25updateLiveCompositeKeymapENS_10MatrixAddrILh4ELh12EEE
 .text._ZN12kaleidoscope6Layer_8isActiveEh
                0x0000000000000d72       0x30 /var/folders/hv/wfz5y4fs3hbbzb0bjmnl07rw0000gn/T/arduino-sketch-7C60E303877333F780D3455652C1E737/libraries/Kaleidoscope/Kaleidoscope.a(layers.cpp.o)
                0x0000000000000d72                _ZN12kaleidoscope6Layer_8isActiveEh
 .text._ZN12kaleidoscope6Layer_18updateActiveLayersEv
                0x0000000000000da2       0x76 /var/folders/hv/wfz5y4fs3hbbzb0bjmnl07rw0000gn/T/arduino-sketch-7C60E303877333F780D3455652C1E737/libraries/Kaleidoscope/Kaleidoscope.a(layers.cpp.o)
                0x0000000000000da2                _ZN12kaleidoscope6Layer_18updateActiveLayersEv
 .text._ZN12kaleidoscope6Layer_4moveEh
                0x0000000000000e18       0x44 /var/folders/hv/wfz5y4fs3hbbzb0bjmnl07rw0000gn/T/arduino-sketch-7C60E303877333F780D3455652C1E737/libraries/Kaleidoscope/Kaleidoscope.a(layers.cpp.o)
                0x0000000000000e18                _ZN12kaleidoscope6Layer_4moveEh
 .text._ZN12kaleidoscope6Layer_10deactivateEh
                0x0000000000000e5c       0xcc /var/folders/hv/wfz5y4fs3hbbzb0bjmnl07rw0000gn/T/arduino-sketch-7C60E303877333F780D3455652C1E737/libraries/Kaleidoscope/Kaleidoscope.a(layers.cpp.o)
                0x0000000000000e5c                _ZN12kaleidoscope6Layer_10deactivateEh
 .text._ZN12kaleidoscope6Layer_5setupEv
                0x0000000000000f28       0x3a /var/folders/hv/wfz5y4fs3hbbzb0bjmnl07rw0000gn/T/arduino-sketch-7C60E303877333F780D3455652C1E737/libraries/Kaleidoscope/Kaleidoscope.a(layers.cpp.o)
                0x0000000000000f28                _ZN12kaleidoscope6Layer_5setupEv
 .text._ZN12kaleidoscope6Layer_8activateEh
                0x0000000000000f62       0x76 /var/folders/hv/wfz5y4fs3hbbzb0bjmnl07rw0000gn/T/arduino-sketch-7C60E303877333F780D3455652C1E737/libraries/Kaleidoscope/Kaleidoscope.a(layers.cpp.o)
                0x0000000000000f62                _ZN12kaleidoscope6Layer_8activateEh
 .text._ZN12kaleidoscope6Layer_12activateNextEv
                0x0000000000000fd8       0x12 /var/folders/hv/wfz5y4fs3hbbzb0bjmnl07rw0000gn/T/arduino-sketch-7C60E303877333F780D3455652C1E737/libraries/Kaleidoscope/Kaleidoscope.a(layers.cpp.o)
                0x0000000000000fd8                _ZN12kaleidoscope6Layer_12activateNextEv
 .text._ZN12kaleidoscope6Layer_20deactivateMostRecentEv
                0x0000000000000fea       0x10 /var/folders/hv/wfz5y4fs3hbbzb0bjmnl07rw0000gn/T/arduino-sketch-7C60E303877333F780D3455652C1E737/libraries/Kaleidoscope/Kaleidoscope.a(layers.cpp.o)
                0x0000000000000fea                _ZN12kaleidoscope6Layer_20deactivateMostRecentEv
 .text._ZN12kaleidoscope6Layer_26handleKeymapKeyswitchEventENS_3KeyEh
                0x0000000000000ffa       0x90 /var/folders/hv/wfz5y4fs3hbbzb0bjmnl07rw0000gn/T/arduino-sketch-7C60E303877333F780D3455652C1E737/libraries/Kaleidoscope/Kaleidoscope.a(layers.cpp.o)
                0x0000000000000ffa                _ZN12kaleidoscope6Layer_26handleKeymapKeyswitchEventENS_3KeyEh
 .text._ZN12kaleidoscope6Layer_12eventHandlerENS_3KeyENS_10MatrixAddrILh4ELh12EEEh
                0x000000000000108a       0x10 /var/folders/hv/wfz5y4fs3hbbzb0bjmnl07rw0000gn/T/arduino-sketch-7C60E303877333F780D3455652C1E737/libraries/Kaleidoscope/Kaleidoscope.a(layers.cpp.o)
                0x000000000000108a                _ZN12kaleidoscope6Layer_12eventHandlerENS_3KeyENS_10MatrixAddrILh4ELh12EEEh
 .text._ZN12kaleidoscope6driver10keyscanner4BaseINS_6device10keyboardio11AtreusProps15KeyScannerPropsEE20handleKeyswitchEventENS_3KeyENS_10MatrixAddrILh4ELh12EEEh
                0x000000000000109a        0x4 /var/folders/hv/wfz5y4fs3hbbzb0bjmnl07rw0000gn/T/arduino-sketch-7C60E303877333F780D3455652C1E737/libraries/Kaleidoscope/Kaleidoscope.a(Atreus2.cpp.o)
                0x000000000000109a                _ZN12kaleidoscope6driver10keyscanner4BaseINS_6device10keyboardio11AtreusProps15KeyScannerPropsEE20handleKeyswitchEventENS_3KeyENS_10MatrixAddrILh4ELh12EEEh
 .text.__vector_20
                0x000000000000109e       0x1e /var/folders/hv/wfz5y4fs3hbbzb0bjmnl07rw0000gn/T/arduino-sketch-7C60E303877333F780D3455652C1E737/libraries/Kaleidoscope/Kaleidoscope.a(Atreus2.cpp.o)
                0x000000000000109e                __vector_20
 .text._ZN12kaleidoscope6plugin12EEPROMKeymap6getKeyEhNS_10MatrixAddrILh4ELh12EEE
                0x00000000000010bc       0x4c /var/folders/hv/wfz5y4fs3hbbzb0bjmnl07rw0000gn/T/arduino-sketch-7C60E303877333F780D3455652C1E737/libraries/Kaleidoscope/Kaleidoscope.a(EEPROM-Keymap.cpp.o)
                0x00000000000010bc                _ZN12kaleidoscope6plugin12EEPROMKeymap6getKeyEhNS_10MatrixAddrILh4ELh12EEE
 .text._ZN12kaleidoscope6plugin12EEPROMKeymap14getKeyExtendedEhNS_10MatrixAddrILh4ELh12EEE
                0x0000000000001108       0x12 /var/folders/hv/wfz5y4fs3hbbzb0bjmnl07rw0000gn/T/arduino-sketch-7C60E303877333F780D3455652C1E737/libraries/Kaleidoscope/Kaleidoscope.a(EEPROM-Keymap.cpp.o)
                0x0000000000001108                _ZN12kaleidoscope6plugin12EEPROMKeymap14getKeyExtendedEhNS_10MatrixAddrILh4ELh12EEE
 .text._ZN5EERef6updateEh
                0x000000000000111a       0x32 /var/folders/hv/wfz5y4fs3hbbzb0bjmnl07rw0000gn/T/arduino-sketch-7C60E303877333F780D3455652C1E737/libraries/Kaleidoscope/Kaleidoscope.a(EEPROM-Keymap.cpp.o)
                0x000000000000111a                _ZN5EERef6updateEh
 .text._ZN12kaleidoscope6plugin12EEPROMKeymap7onSetupEv
                0x000000000000114c       0x16 /var/folders/hv/wfz5y4fs3hbbzb0bjmnl07rw0000gn/T/arduino-sketch-7C60E303877333F780D3455652C1E737/libraries/Kaleidoscope/Kaleidoscope.a(EEPROM-Keymap.cpp.o)
                0x000000000000114c                _ZN12kaleidoscope6plugin12EEPROMKeymap7onSetupEv
 .text._ZN12kaleidoscope6plugin12EEPROMKeymap10max_layersEh
                0x0000000000001162       0x1a /var/folders/hv/wfz5y4fs3hbbzb0bjmnl07rw0000gn/T/arduino-sketch-7C60E303877333F780D3455652C1E737/libraries/Kaleidoscope/Kaleidoscope.a(EEPROM-Keymap.cpp.o)
                0x0000000000001162                _ZN12kaleidoscope6plugin12EEPROMKeymap10max_layersEh
 .text._ZN12kaleidoscope6plugin12EEPROMKeymap5setupEh
                0x000000000000117c       0x2a /var/folders/hv/wfz5y4fs3hbbzb0bjmnl07rw0000gn/T/arduino-sketch-7C60E303877333F780D3455652C1E737/libraries/Kaleidoscope/Kaleidoscope.a(EEPROM-Keymap.cpp.o)
                0x000000000000117c                _ZN12kaleidoscope6plugin12EEPROMKeymap5setupEh
 .text._ZN12kaleidoscope6plugin12EEPROMKeymap9updateKeyEjNS_3KeyE
                0x00000000000011a6       0x5e /var/folders/hv/wfz5y4fs3hbbzb0bjmnl07rw0000gn/T/arduino-sketch-7C60E303877333F780D3455652C1E737/libraries/Kaleidoscope/Kaleidoscope.a(EEPROM-Keymap.cpp.o)
                0x00000000000011a6                _ZN12kaleidoscope6plugin12EEPROMKeymap9updateKeyEjNS_3KeyE
 .text._ZN12kaleidoscope6plugin12EEPROMKeymap10dumpKeymapEhPFNS_3KeyEhNS_10MatrixAddrILh4ELh12EEEE
                0x0000000000001204       0x56 /var/folders/hv/wfz5y4fs3hbbzb0bjmnl07rw0000gn/T/arduino-sketch-7C60E303877333F780D3455652C1E737/libraries/Kaleidoscope/Kaleidoscope.a(EEPROM-Keymap.cpp.o)
                0x0000000000001204                _ZN12kaleidoscope6plugin12EEPROMKeymap10dumpKeymapEhPFNS_3KeyEhNS_10MatrixAddrILh4ELh12EEEE
 .text._ZN12kaleidoscope6plugin12EEPROMKeymap12onFocusEventEPKc
                0x000000000000125a      0x156 /var/folders/hv/wfz5y4fs3hbbzb0bjmnl07rw0000gn/T/arduino-sketch-7C60E303877333F780D3455652C1E737/libraries/Kaleidoscope/Kaleidoscope.a(EEPROM-Keymap.cpp.o)
                0x000000000000125a                _ZN12kaleidoscope6plugin12EEPROMKeymap12onFocusEventEPKc
 .text._ZN12kaleidoscope6plugin11FocusSerial4sendIhEEvT_.isra.12
                0x00000000000013b0       0x18 /var/folders/hv/wfz5y4fs3hbbzb0bjmnl07rw0000gn/T/arduino-sketch-7C60E303877333F780D3455652C1E737/libraries/Kaleidoscope/Kaleidoscope.a(EEPROM-Settings.cpp.o)
 .text._ZN12kaleidoscope6plugin14EEPROMSettings7onSetupEv
                0x00000000000013c8       0x9c /var/folders/hv/wfz5y4fs3hbbzb0bjmnl07rw0000gn/T/arduino-sketch-7C60E303877333F780D3455652C1E737/libraries/Kaleidoscope/Kaleidoscope.a(EEPROM-Settings.cpp.o)
                0x00000000000013c8                _ZN12kaleidoscope6plugin14EEPROMSettings7onSetupEv
 .text._ZN12kaleidoscope6plugin14EEPROMSettings3crcEv
                0x0000000000001464       0x18 /var/folders/hv/wfz5y4fs3hbbzb0bjmnl07rw0000gn/T/arduino-sketch-7C60E303877333F780D3455652C1E737/libraries/Kaleidoscope/Kaleidoscope.a(EEPROM-Settings.cpp.o)
                0x0000000000001464                _ZN12kaleidoscope6plugin14EEPROMSettings3crcEv
 .text._ZN12kaleidoscope6plugin14EEPROMSettings12requestSliceEj
                0x000000000000147c       0x56 /var/folders/hv/wfz5y4fs3hbbzb0bjmnl07rw0000gn/T/arduino-sketch-7C60E303877333F780D3455652C1E737/libraries/Kaleidoscope/Kaleidoscope.a(EEPROM-Settings.cpp.o)
                0x000000000000147c                _ZN12kaleidoscope6plugin14EEPROMSettings12requestSliceEj
 .text._ZN12kaleidoscope6plugin14EEPROMSettings6updateEv
                0x00000000000014d2       0x52 /var/folders/hv/wfz5y4fs3hbbzb0bjmnl07rw0000gn/T/arduino-sketch-7C60E303877333F780D3455652C1E737/libraries/Kaleidoscope/Kaleidoscope.a(EEPROM-Settings.cpp.o)
                0x00000000000014d2                _ZN12kaleidoscope6plugin14EEPROMSettings6updateEv
 .text._ZN12kaleidoscope6plugin14EEPROMSettings13default_layerEh
                0x0000000000001524       0x40 /var/folders/hv/wfz5y4fs3hbbzb0bjmnl07rw0000gn/T/arduino-sketch-7C60E303877333F780D3455652C1E737/libraries/Kaleidoscope/Kaleidoscope.a(EEPROM-Settings.cpp.o)
                0x0000000000001524                _ZN12kaleidoscope6plugin14EEPROMSettings13default_layerEh
 .text._ZN12kaleidoscope6plugin14EEPROMSettings21ignoreHardcodedLayersEb
                0x0000000000001564       0x20 /var/folders/hv/wfz5y4fs3hbbzb0bjmnl07rw0000gn/T/arduino-sketch-7C60E303877333F780D3455652C1E737/libraries/Kaleidoscope/Kaleidoscope.a(EEPROM-Settings.cpp.o)
                0x0000000000001564                _ZN12kaleidoscope6plugin14EEPROMSettings21ignoreHardcodedLayersEb
 .text._ZN12kaleidoscope6plugin14EEPROMSettings4sealEv
                0x0000000000001584       0x56 /var/folders/hv/wfz5y4fs3hbbzb0bjmnl07rw0000gn/T/arduino-sketch-7C60E303877333F780D3455652C1E737/libraries/Kaleidoscope/Kaleidoscope.a(EEPROM-Settings.cpp.o)
                0x0000000000001584                _ZN12kaleidoscope6plugin14EEPROMSettings4sealEv
 .text._ZN12kaleidoscope6plugin14EEPROMSettings15beforeEachCycleEv
                0x00000000000015da       0x12 /var/folders/hv/wfz5y4fs3hbbzb0bjmnl07rw0000gn/T/arduino-sketch-7C60E303877333F780D3455652C1E737/libraries/Kaleidoscope/Kaleidoscope.a(EEPROM-Settings.cpp.o)
                0x00000000000015da                _ZN12kaleidoscope6plugin14EEPROMSettings15beforeEachCycleEv
 .text._ZN12kaleidoscope6plugin20FocusSettingsCommand12onFocusEventEPKc
                0x00000000000015ec       0xf2 /var/folders/hv/wfz5y4fs3hbbzb0bjmnl07rw0000gn/T/arduino-sketch-7C60E303877333F780D3455652C1E737/libraries/Kaleidoscope/Kaleidoscope.a(EEPROM-Settings.cpp.o)
                0x00000000000015ec                _ZN12kaleidoscope6plugin20FocusSettingsCommand12onFocusEventEPKc
 .text._ZN12kaleidoscope6plugin18FocusEEPROMCommand12onFocusEventEPKc
                0x00000000000016de       0xd6 /var/folders/hv/wfz5y4fs3hbbzb0bjmnl07rw0000gn/T/arduino-sketch-7C60E303877333F780D3455652C1E737/libraries/Kaleidoscope/Kaleidoscope.a(EEPROM-Settings.cpp.o)
                0x00000000000016de                _ZN12kaleidoscope6plugin18FocusEEPROMCommand12onFocusEventEPKc
 .text._ZN12kaleidoscope6plugin11FocusSerial10handleHelpEPKcS3_
                0x00000000000017b4       0x2a /var/folders/hv/wfz5y4fs3hbbzb0bjmnl07rw0000gn/T/arduino-sketch-7C60E303877333F780D3455652C1E737/libraries/Kaleidoscope/Kaleidoscope.a(FocusSerial.cpp.o)
                0x00000000000017b4                _ZN12kaleidoscope6plugin11FocusSerial10handleHelpEPKcS3_
 .text._ZN12kaleidoscope6plugin11FocusSerial12onFocusEventEPKc
                0x00000000000017de        0xe /var/folders/hv/wfz5y4fs3hbbzb0bjmnl07rw0000gn/T/arduino-sketch-7C60E303877333F780D3455652C1E737/libraries/Kaleidoscope/Kaleidoscope.a(FocusSerial.cpp.o)
                0x00000000000017de                _ZN12kaleidoscope6plugin11FocusSerial12onFocusEventEPKc
 .text._ZN12kaleidoscope6plugin11FocusSerial9printBoolEb
                0x00000000000017ec       0x14 /var/folders/hv/wfz5y4fs3hbbzb0bjmnl07rw0000gn/T/arduino-sketch-7C60E303877333F780D3455652C1E737/libraries/Kaleidoscope/Kaleidoscope.a(FocusSerial.cpp.o)
                0x00000000000017ec                _ZN12kaleidoscope6plugin11FocusSerial9printBoolEb
 .text._ZN12kaleidoscope6plugin11FocusSerial5drainEv
                0x0000000000001800       0x24 /var/folders/hv/wfz5y4fs3hbbzb0bjmnl07rw0000gn/T/arduino-sketch-7C60E303877333F780D3455652C1E737/libraries/Kaleidoscope/Kaleidoscope.a(FocusSerial.cpp.o)
                0x0000000000001800                _ZN12kaleidoscope6plugin11FocusSerial5drainEv
 .text._ZN12kaleidoscope6plugin11FocusSerial20beforeReportingStateEv
                0x0000000000001824       0x94 /var/folders/hv/wfz5y4fs3hbbzb0bjmnl07rw0000gn/T/arduino-sketch-7C60E303877333F780D3455652C1E737/libraries/Kaleidoscope/Kaleidoscope.a(FocusSerial.cpp.o)
                0x0000000000001824                _ZN12kaleidoscope6plugin11FocusSerial20beforeReportingStateEv
 .text._ZNK12kaleidoscope3Key15readFromProgmemEv
                0x00000000000018b8        0xa /var/folders/hv/wfz5y4fs3hbbzb0bjmnl07rw0000gn/T/arduino-sketch-7C60E303877333F780D3455652C1E737/libraries/Kaleidoscope/Kaleidoscope.a(Macros.cpp.o)
                0x00000000000018b8                _ZNK12kaleidoscope3Key15readFromProgmemEv
 .text._ZN12kaleidoscope6plugin7Macros_15lookupAsciiCodeEh
                0x00000000000018c2       0x8e /var/folders/hv/wfz5y4fs3hbbzb0bjmnl07rw0000gn/T/arduino-sketch-7C60E303877333F780D3455652C1E737/libraries/Kaleidoscope/Kaleidoscope.a(Macros.cpp.o)
                0x00000000000018c2                _ZN12kaleidoscope6plugin7Macros_15lookupAsciiCodeEh
 .text._ZN12kaleidoscope6plugin7Macros_10isMacroKeyENS_3KeyE
                0x0000000000001950       0x20 /var/folders/hv/wfz5y4fs3hbbzb0bjmnl07rw0000gn/T/arduino-sketch-7C60E303877333F780D3455652C1E737/libraries/Kaleidoscope/Kaleidoscope.a(Macros.cpp.o)
                0x0000000000001950                _ZN12kaleidoscope6plugin7Macros_10isMacroKeyENS_3KeyE
 .text._ZN12kaleidoscope6plugin7Macros_16onKeyswitchEventERNS_3KeyENS_10MatrixAddrILh4ELh12EEEh
                0x0000000000001970       0x58 /var/folders/hv/wfz5y4fs3hbbzb0bjmnl07rw0000gn/T/arduino-sketch-7C60E303877333F780D3455652C1E737/libraries/Kaleidoscope/Kaleidoscope.a(Macros.cpp.o)
                0x0000000000001970                _ZN12kaleidoscope6plugin7Macros_16onKeyswitchEventERNS_3KeyENS_10MatrixAddrILh4ELh12EEEh
 .text._ZN12kaleidoscope6plugin7Macros_14afterEachCycleEv
                0x00000000000019c8        0xa /var/folders/hv/wfz5y4fs3hbbzb0bjmnl07rw0000gn/T/arduino-sketch-7C60E303877333F780D3455652C1E737/libraries/Kaleidoscope/Kaleidoscope.a(Macros.cpp.o)
                0x00000000000019c8                _ZN12kaleidoscope6plugin7Macros_14afterEachCycleEv
 .text._ZN12kaleidoscope6plugin23playMacroKeyswitchEventENS_3KeyEhb
                0x00000000000019d2       0x28 /var/folders/hv/wfz5y4fs3hbbzb0bjmnl07rw0000gn/T/arduino-sketch-7C60E303877333F780D3455652C1E737/libraries/Kaleidoscope/Kaleidoscope.a(Macros.cpp.o)
                0x00000000000019d2                _ZN12kaleidoscope6plugin23playMacroKeyswitchEventENS_3KeyEhb
 .text._ZN12kaleidoscope6pluginL11playKeyCodeENS_3KeyEhb
                0x00000000000019fa       0x38 /var/folders/hv/wfz5y4fs3hbbzb0bjmnl07rw0000gn/T/arduino-sketch-7C60E303877333F780D3455652C1E737/libraries/Kaleidoscope/Kaleidoscope.a(Macros.cpp.o)
 .text._ZN12kaleidoscope6pluginL18readKeyCodeAndPlayEPKhhhb
                0x0000000000001a32       0x10 /var/folders/hv/wfz5y4fs3hbbzb0bjmnl07rw0000gn/T/arduino-sketch-7C60E303877333F780D3455652C1E737/libraries/Kaleidoscope/Kaleidoscope.a(Macros.cpp.o)
 .text._ZN12kaleidoscope6plugin7Macros_4typeEPKc
                0x0000000000001a42       0x5a /var/folders/hv/wfz5y4fs3hbbzb0bjmnl07rw0000gn/T/arduino-sketch-7C60E303877333F780D3455652C1E737/libraries/Kaleidoscope/Kaleidoscope.a(Macros.cpp.o)
                0x0000000000001a42                _ZN12kaleidoscope6plugin7Macros_4typeEPKc
 .text._ZN12kaleidoscope6plugin7Macros_4playEPKh
                0x0000000000001a9c      0x16e /var/folders/hv/wfz5y4fs3hbbzb0bjmnl07rw0000gn/T/arduino-sketch-7C60E303877333F780D3455652C1E737/libraries/Kaleidoscope/Kaleidoscope.a(Macros.cpp.o)
                0x0000000000001a9c                _ZN12kaleidoscope6plugin7Macros_4playEPKh
 .text._ZN12kaleidoscope6plugin7Macros_20beforeReportingStateEv
                0x0000000000001c0a       0x42 /var/folders/hv/wfz5y4fs3hbbzb0bjmnl07rw0000gn/T/arduino-sketch-7C60E303877333F780D3455652C1E737/libraries/Kaleidoscope/Kaleidoscope.a(Macros.cpp.o)
                0x0000000000001c0a                _ZN12kaleidoscope6plugin7Macros_20beforeReportingStateEv
 .text._ZN12kaleidoscope6plugin10MouseKeys_11scrollWheelEh
                0x0000000000001c4c       0x6a /var/folders/hv/wfz5y4fs3hbbzb0bjmnl07rw0000gn/T/arduino-sketch-7C60E303877333F780D3455652C1E737/libraries/Kaleidoscope/Kaleidoscope.a(MouseKeys.cpp.o)
                0x0000000000001c4c                _ZN12kaleidoscope6plugin10MouseKeys_11scrollWheelEh
 .text._ZN12kaleidoscope6plugin10MouseKeys_14afterEachCycleEv
                0x0000000000001cb6       0x1a /var/folders/hv/wfz5y4fs3hbbzb0bjmnl07rw0000gn/T/arduino-sketch-7C60E303877333F780D3455652C1E737/libraries/Kaleidoscope/Kaleidoscope.a(MouseKeys.cpp.o)
                0x0000000000001cb6                _ZN12kaleidoscope6plugin10MouseKeys_14afterEachCycleEv
 .text._ZN12kaleidoscope6plugin10MouseKeys_20beforeReportingStateEv
                0x0000000000001cd0       0xb0 /var/folders/hv/wfz5y4fs3hbbzb0bjmnl07rw0000gn/T/arduino-sketch-7C60E303877333F780D3455652C1E737/libraries/Kaleidoscope/Kaleidoscope.a(MouseKeys.cpp.o)
                0x0000000000001cd0                _ZN12kaleidoscope6plugin10MouseKeys_20beforeReportingStateEv
 .text._ZN12kaleidoscope6plugin10MouseKeys_16onKeyswitchEventERNS_3KeyENS_10MatrixAddrILh4ELh12EEEh
                0x0000000000001d80      0x1a2 /var/folders/hv/wfz5y4fs3hbbzb0bjmnl07rw0000gn/T/arduino-sketch-7C60E303877333F780D3455652C1E737/libraries/Kaleidoscope/Kaleidoscope.a(MouseKeys.cpp.o)
                0x0000000000001d80                _ZN12kaleidoscope6plugin10MouseKeys_16onKeyswitchEventERNS_3KeyENS_10MatrixAddrILh4ELh12EEEh
 .text._ZN12kaleidoscope6plugin10MouseKeys_7onSetupEv
                0x0000000000001f22       0x62 /var/folders/hv/wfz5y4fs3hbbzb0bjmnl07rw0000gn/T/arduino-sketch-7C60E303877333F780D3455652C1E737/libraries/Kaleidoscope/Kaleidoscope.a(MouseKeys.cpp.o)
                0x0000000000001f22                _ZN12kaleidoscope6plugin10MouseKeys_7onSetupEv
 .text._ZN12kaleidoscope6plugin7OneShot11hasTimedOutEv
                0x0000000000001f84       0x28 /var/folders/hv/wfz5y4fs3hbbzb0bjmnl07rw0000gn/T/arduino-sketch-7C60E303877333F780D3455652C1E737/libraries/Kaleidoscope/Kaleidoscope.a(OneShot.cpp.o)
                0x0000000000001f84                _ZN12kaleidoscope6plugin7OneShot11hasTimedOutEv
 .text._ZN12kaleidoscope6plugin7OneShot11isStickableENS_3KeyE
                0x0000000000001fac       0x20 /var/folders/hv/wfz5y4fs3hbbzb0bjmnl07rw0000gn/T/arduino-sketch-7C60E303877333F780D3455652C1E737/libraries/Kaleidoscope/Kaleidoscope.a(OneShot.cpp.o)
                0x0000000000001fac                _ZN12kaleidoscope6plugin7OneShot11isStickableENS_3KeyE
 .text._ZN12kaleidoscope6plugin7OneShot15injectNormalKeyEhh
                0x0000000000001fcc       0x18 /var/folders/hv/wfz5y4fs3hbbzb0bjmnl07rw0000gn/T/arduino-sketch-7C60E303877333F780D3455652C1E737/libraries/Kaleidoscope/Kaleidoscope.a(OneShot.cpp.o)
                0x0000000000001fcc                _ZN12kaleidoscope6plugin7OneShot15injectNormalKeyEhh
 .text._ZN12kaleidoscope6plugin7OneShot15activateOneShotEh
                0x0000000000001fe4        0x6 /var/folders/hv/wfz5y4fs3hbbzb0bjmnl07rw0000gn/T/arduino-sketch-7C60E303877333F780D3455652C1E737/libraries/Kaleidoscope/Kaleidoscope.a(OneShot.cpp.o)
                0x0000000000001fe4                _ZN12kaleidoscope6plugin7OneShot15activateOneShotEh
 .text._ZN12kaleidoscope6plugin7OneShot13cancelOneShotEh
                0x0000000000001fea       0x18 /var/folders/hv/wfz5y4fs3hbbzb0bjmnl07rw0000gn/T/arduino-sketch-7C60E303877333F780D3455652C1E737/libraries/Kaleidoscope/Kaleidoscope.a(OneShot.cpp.o)
                0x0000000000001fea                _ZN12kaleidoscope6plugin7OneShot13cancelOneShotEh
 .text._ZN12kaleidoscope6plugin7OneShot20beforeReportingStateEv
                0x0000000000002002       0x30 /var/folders/hv/wfz5y4fs3hbbzb0bjmnl07rw0000gn/T/arduino-sketch-7C60E303877333F780D3455652C1E737/libraries/Kaleidoscope/Kaleidoscope.a(OneShot.cpp.o)
                0x0000000000002002                _ZN12kaleidoscope6plugin7OneShot20beforeReportingStateEv
 .text._ZN12kaleidoscope6plugin7OneShot14afterEachCycleEv
                0x0000000000002032       0xb0 /var/folders/hv/wfz5y4fs3hbbzb0bjmnl07rw0000gn/T/arduino-sketch-7C60E303877333F780D3455652C1E737/libraries/Kaleidoscope/Kaleidoscope.a(OneShot.cpp.o)
                0x0000000000002032                _ZN12kaleidoscope6plugin7OneShot14afterEachCycleEv
 .text._ZN12kaleidoscope6plugin7OneShot8isActiveEv
                0x00000000000020e2       0x60 /var/folders/hv/wfz5y4fs3hbbzb0bjmnl07rw0000gn/T/arduino-sketch-7C60E303877333F780D3455652C1E737/libraries/Kaleidoscope/Kaleidoscope.a(OneShot.cpp.o)
                0x00000000000020e2                _ZN12kaleidoscope6plugin7OneShot8isActiveEv
 .text._ZN12kaleidoscope6plugin7OneShot16onKeyswitchEventERNS_3KeyENS_10MatrixAddrILh4ELh12EEEh
                0x0000000000002142      0x216 /var/folders/hv/wfz5y4fs3hbbzb0bjmnl07rw0000gn/T/arduino-sketch-7C60E303877333F780D3455652C1E737/libraries/Kaleidoscope/Kaleidoscope.a(OneShot.cpp.o)
                0x0000000000002142                _ZN12kaleidoscope6plugin7OneShot16onKeyswitchEventERNS_3KeyENS_10MatrixAddrILh4ELh12EEEh
 .text.startup._GLOBAL__sub_I__ZN12kaleidoscope6plugin7OneShot11start_time_E
                0x0000000000002358       0x1e /var/folders/hv/wfz5y4fs3hbbzb0bjmnl07rw0000gn/T/arduino-sketch-7C60E303877333F780D3455652C1E737/libraries/Kaleidoscope/Kaleidoscope.a(OneShot.cpp.o)
 .text._ZN12kaleidoscope6plugin6Qukeys10flushEventENS_3KeyE
                0x0000000000002376       0x8c /var/folders/hv/wfz5y4fs3hbbzb0bjmnl07rw0000gn/T/arduino-sketch-7C60E303877333F780D3455652C1E737/libraries/Kaleidoscope/Kaleidoscope.a(Qukeys.cpp.o)
                0x0000000000002376                _ZN12kaleidoscope6plugin6Qukeys10flushEventENS_3KeyE
 .text._ZN12kaleidoscope6plugin6Qukeys12isDualUseKeyENS_3KeyE
                0x0000000000002402       0x54 /var/folders/hv/wfz5y4fs3hbbzb0bjmnl07rw0000gn/T/arduino-sketch-7C60E303877333F780D3455652C1E737/libraries/Kaleidoscope/Kaleidoscope.a(Qukeys.cpp.o)
                0x0000000000002402                _ZN12kaleidoscope6plugin6Qukeys12isDualUseKeyENS_3KeyE
 .text._ZN12kaleidoscope6plugin6Qukeys7isQukeyENS_10MatrixAddrILh4ELh12EEE
                0x0000000000002456       0xf4 /var/folders/hv/wfz5y4fs3hbbzb0bjmnl07rw0000gn/T/arduino-sketch-7C60E303877333F780D3455652C1E737/libraries/Kaleidoscope/Kaleidoscope.a(Qukeys.cpp.o)
                0x0000000000002456                _ZN12kaleidoscope6plugin6Qukeys7isQukeyENS_10MatrixAddrILh4ELh12EEE
 .text._ZNK12kaleidoscope6plugin6Qukeys14releaseDelayedEjj
                0x000000000000254a       0x40 /var/folders/hv/wfz5y4fs3hbbzb0bjmnl07rw0000gn/T/arduino-sketch-7C60E303877333F780D3455652C1E737/libraries/Kaleidoscope/Kaleidoscope.a(Qukeys.cpp.o)
                0x000000000000254a                _ZNK12kaleidoscope6plugin6Qukeys14releaseDelayedEjj
 .text._ZNK12kaleidoscope6plugin6Qukeys27isKeyAddrInQueueBeforeIndexENS_10MatrixAddrILh4ELh12EEEh
                0x000000000000258a       0x1c /var/folders/hv/wfz5y4fs3hbbzb0bjmnl07rw0000gn/T/arduino-sketch-7C60E303877333F780D3455652C1E737/libraries/Kaleidoscope/Kaleidoscope.a(Qukeys.cpp.o)
                0x000000000000258a                _ZNK12kaleidoscope6plugin6Qukeys27isKeyAddrInQueueBeforeIndexENS_10MatrixAddrILh4ELh12EEEh
 .text._ZN12kaleidoscope6plugin13isModifierKeyENS_3KeyE
                0x00000000000025a6       0x20 /var/folders/hv/wfz5y4fs3hbbzb0bjmnl07rw0000gn/T/arduino-sketch-7C60E303877333F780D3455652C1E737/libraries/Kaleidoscope/Kaleidoscope.a(Qukeys.cpp.o)
                0x00000000000025a6                _ZN12kaleidoscope6plugin13isModifierKeyENS_3KeyE
 .text._ZN12kaleidoscope6plugin6Qukeys12processQueueEv
                0x00000000000025c6      0x174 /var/folders/hv/wfz5y4fs3hbbzb0bjmnl07rw0000gn/T/arduino-sketch-7C60E303877333F780D3455652C1E737/libraries/Kaleidoscope/Kaleidoscope.a(Qukeys.cpp.o)
                0x00000000000025c6                _ZN12kaleidoscope6plugin6Qukeys12processQueueEv
 .text._ZN12kaleidoscope6plugin6Qukeys16onKeyswitchEventERNS_3KeyENS_10MatrixAddrILh4ELh12EEEh
                0x000000000000273a      0x122 /var/folders/hv/wfz5y4fs3hbbzb0bjmnl07rw0000gn/T/arduino-sketch-7C60E303877333F780D3455652C1E737/libraries/Kaleidoscope/Kaleidoscope.a(Qukeys.cpp.o)
                0x000000000000273a                _ZN12kaleidoscope6plugin6Qukeys16onKeyswitchEventERNS_3KeyENS_10MatrixAddrILh4ELh12EEEh
 .text._ZN12kaleidoscope6plugin6Qukeys20beforeReportingStateEv
                0x000000000000285c       0xca /var/folders/hv/wfz5y4fs3hbbzb0bjmnl07rw0000gn/T/arduino-sketch-7C60E303877333F780D3455652C1E737/libraries/Kaleidoscope/Kaleidoscope.a(Qukeys.cpp.o)
                0x000000000000285c                _ZN12kaleidoscope6plugin6Qukeys20beforeReportingStateEv
 .text.startup._GLOBAL__sub_I__ZN12kaleidoscope6plugin6Qukeys16onKeyswitchEventERNS_3KeyENS_10MatrixAddrILh4ELh12EEEh
                0x0000000000002926       0x54 /var/folders/hv/wfz5y4fs3hbbzb0bjmnl07rw0000gn/T/arduino-sketch-7C60E303877333F780D3455652C1E737/libraries/Kaleidoscope/Kaleidoscope.a(Qukeys.cpp.o)
 .text._ZNK12kaleidoscope3KeyeqERKS0_
                0x000000000000297a       0x1a /var/folders/hv/wfz5y4fs3hbbzb0bjmnl07rw0000gn/T/arduino-sketch-7C60E303877333F780D3455652C1E737/libraries/Kaleidoscope/Kaleidoscope.a(SpaceCadet.cpp.o)
                0x000000000000297a                _ZNK12kaleidoscope3KeyeqERKS0_
 .text._ZN12kaleidoscope6plugin10SpaceCadetC2Ev
                0x0000000000002994       0x92 /var/folders/hv/wfz5y4fs3hbbzb0bjmnl07rw0000gn/T/arduino-sketch-7C60E303877333F780D3455652C1E737/libraries/Kaleidoscope/Kaleidoscope.a(SpaceCadet.cpp.o)
                0x0000000000002994                _ZN12kaleidoscope6plugin10SpaceCadetC1Ev
                0x0000000000002994                _ZN12kaleidoscope6plugin10SpaceCadetC2Ev
 .text._ZN12kaleidoscope6plugin10SpaceCadet7disableEv
                0x0000000000002a26        0x8 /var/folders/hv/wfz5y4fs3hbbzb0bjmnl07rw0000gn/T/arduino-sketch-7C60E303877333F780D3455652C1E737/libraries/Kaleidoscope/Kaleidoscope.a(SpaceCadet.cpp.o)
                0x0000000000002a26                _ZN12kaleidoscope6plugin10SpaceCadet7disableEv
 .text._ZN12kaleidoscope6plugin10SpaceCadet16onKeyswitchEventERNS_3KeyENS_10MatrixAddrILh4ELh12EEEh
                0x0000000000002a2e      0x2f8 /var/folders/hv/wfz5y4fs3hbbzb0bjmnl07rw0000gn/T/arduino-sketch-7C60E303877333F780D3455652C1E737/libraries/Kaleidoscope/Kaleidoscope.a(SpaceCadet.cpp.o)
                0x0000000000002a2e                _ZN12kaleidoscope6plugin10SpaceCadet16onKeyswitchEventERNS_3KeyENS_10MatrixAddrILh4ELh12EEEh
 .text.startup._GLOBAL__sub_I__ZN12kaleidoscope6plugin10SpaceCadet10KeyBindingC2ENS_3KeyES3_
                0x0000000000002d26        0x8 /var/folders/hv/wfz5y4fs3hbbzb0bjmnl07rw0000gn/T/arduino-sketch-7C60E303877333F780D3455652C1E737/libraries/Kaleidoscope/Kaleidoscope.a(SpaceCadet.cpp.o)
 .text._ZN4CRC_7reflectEh
                0x0000000000002d2e       0x32 /var/folders/hv/wfz5y4fs3hbbzb0bjmnl07rw0000gn/T/arduino-sketch-7C60E303877333F780D3455652C1E737/libraries/Kaleidoscope/Kaleidoscope.a(crc.cpp.o)
                0x0000000000002d2e                _ZN4CRC_7reflectEh
 .text._ZN4CRC_6updateEPKvh
                0x0000000000002d60       0x4a /var/folders/hv/wfz5y4fs3hbbzb0bjmnl07rw0000gn/T/arduino-sketch-7C60E303877333F780D3455652C1E737/libraries/Kaleidoscope/Kaleidoscope.a(crc.cpp.o)
                0x0000000000002d60                _ZN4CRC_6updateEPKvh
 .text.startup._GLOBAL__sub_I__ZN4CRC_7reflectEh
                0x0000000000002daa        0xa /var/folders/hv/wfz5y4fs3hbbzb0bjmnl07rw0000gn/T/arduino-sketch-7C60E303877333F780D3455652C1E737/libraries/Kaleidoscope/Kaleidoscope.a(crc.cpp.o)
 .text._ZN12kaleidoscope6plugin13MouseWrapper_9warp_jumpEjjjj
                0x0000000000002db4       0x66 /var/folders/hv/wfz5y4fs3hbbzb0bjmnl07rw0000gn/T/arduino-sketch-7C60E303877333F780D3455652C1E737/libraries/Kaleidoscope/Kaleidoscope.a(MouseWrapper.cpp.o)
                0x0000000000002db4                _ZN12kaleidoscope6plugin13MouseWrapper_9warp_jumpEjjjj
 .text._ZN12kaleidoscope6plugin13MouseWrapper_13begin_warpingEv
                0x0000000000002e1a       0x2c /var/folders/hv/wfz5y4fs3hbbzb0bjmnl07rw0000gn/T/arduino-sketch-7C60E303877333F780D3455652C1E737/libraries/Kaleidoscope/Kaleidoscope.a(MouseWrapper.cpp.o)
                0x0000000000002e1a                _ZN12kaleidoscope6plugin13MouseWrapper_13begin_warpingEv
 .text._ZN12kaleidoscope6plugin13MouseWrapper_11end_warpingEv
                0x0000000000002e46        0x6 /var/folders/hv/wfz5y4fs3hbbzb0bjmnl07rw0000gn/T/arduino-sketch-7C60E303877333F780D3455652C1E737/libraries/Kaleidoscope/Kaleidoscope.a(MouseWrapper.cpp.o)
                0x0000000000002e46                _ZN12kaleidoscope6plugin13MouseWrapper_11end_warpingEv
 .text._ZN12kaleidoscope6plugin13MouseWrapper_13reset_warpingEv
                0x0000000000002e4c        0xc /var/folders/hv/wfz5y4fs3hbbzb0bjmnl07rw0000gn/T/arduino-sketch-7C60E303877333F780D3455652C1E737/libraries/Kaleidoscope/Kaleidoscope.a(MouseWrapper.cpp.o)
                0x0000000000002e4c                _ZN12kaleidoscope6plugin13MouseWrapper_13reset_warpingEv
 .text._ZN12kaleidoscope6plugin13MouseWrapper_4warpEh
                0x0000000000002e58      0x106 /var/folders/hv/wfz5y4fs3hbbzb0bjmnl07rw0000gn/T/arduino-sketch-7C60E303877333F780D3455652C1E737/libraries/Kaleidoscope/Kaleidoscope.a(MouseWrapper.cpp.o)
                0x0000000000002e58                _ZN12kaleidoscope6plugin13MouseWrapper_4warpEh
 .text._ZN12kaleidoscope6plugin13MouseWrapper_12accelerationEh
                0x0000000000002f5e       0x3e /var/folders/hv/wfz5y4fs3hbbzb0bjmnl07rw0000gn/T/arduino-sketch-7C60E303877333F780D3455652C1E737/libraries/Kaleidoscope/Kaleidoscope.a(MouseWrapper.cpp.o)
                0x0000000000002f5e                _ZN12kaleidoscope6plugin13MouseWrapper_12accelerationEh
 .text._ZN12kaleidoscope6plugin13MouseWrapper_4moveEaa
                0x0000000000002f9c      0x14e /var/folders/hv/wfz5y4fs3hbbzb0bjmnl07rw0000gn/T/arduino-sketch-7C60E303877333F780D3455652C1E737/libraries/Kaleidoscope/Kaleidoscope.a(MouseWrapper.cpp.o)
                0x0000000000002f9c                _ZN12kaleidoscope6plugin13MouseWrapper_4moveEaa
 .text.startup._GLOBAL__sub_I__ZN21kaleidoscope_internal6deviceE
                0x00000000000030ea        0xe /var/folders/hv/wfz5y4fs3hbbzb0bjmnl07rw0000gn/T/arduino-sketch-7C60E303877333F780D3455652C1E737/libraries/Kaleidoscope/Kaleidoscope.a(device.cpp.o)
 .text._ZN18PluggableUSBModule12getShortNameEPc
                0x00000000000030f8        0xe /var/folders/hv/wfz5y4fs3hbbzb0bjmnl07rw0000gn/T/arduino-sketch-7C60E303877333F780D3455652C1E737/libraries/KeyboardioHID/KeyboardioHID.a(BootKeyboard.cpp.o)
                0x00000000000030f8                _ZN18PluggableUSBModule12getShortNameEPc
 .text._ZN13BootKeyboard_12getInterfaceEPh
                0x0000000000003106       0x96 /var/folders/hv/wfz5y4fs3hbbzb0bjmnl07rw0000gn/T/arduino-sketch-7C60E303877333F780D3455652C1E737/libraries/KeyboardioHID/KeyboardioHID.a(BootKeyboard.cpp.o)
                0x0000000000003106                _ZN13BootKeyboard_12getInterfaceEPh
 .text._ZN13BootKeyboard_13getDescriptorER8USBSetup
                0x000000000000319c       0x3a /var/folders/hv/wfz5y4fs3hbbzb0bjmnl07rw0000gn/T/arduino-sketch-7C60E303877333F780D3455652C1E737/libraries/KeyboardioHID/KeyboardioHID.a(BootKeyboard.cpp.o)
                0x000000000000319c                _ZN13BootKeyboard_13getDescriptorER8USBSetup
 .text._ZN13BootKeyboard_5setupER8USBSetup
                0x00000000000031d6       0x8e /var/folders/hv/wfz5y4fs3hbbzb0bjmnl07rw0000gn/T/arduino-sketch-7C60E303877333F780D3455652C1E737/libraries/KeyboardioHID/KeyboardioHID.a(BootKeyboard.cpp.o)
                0x00000000000031d6                _ZN13BootKeyboard_5setupER8USBSetup
 .text._ZN13BootKeyboard_C2Ev
                0x0000000000003264       0x2c /var/folders/hv/wfz5y4fs3hbbzb0bjmnl07rw0000gn/T/arduino-sketch-7C60E303877333F780D3455652C1E737/libraries/KeyboardioHID/KeyboardioHID.a(BootKeyboard.cpp.o)
                0x0000000000003264                _ZN13BootKeyboard_C2Ev
                0x0000000000003264                _ZN13BootKeyboard_C1Ev
 .text._ZN13BootKeyboard_11getProtocolEv
                0x0000000000003290        0x6 /var/folders/hv/wfz5y4fs3hbbzb0bjmnl07rw0000gn/T/arduino-sketch-7C60E303877333F780D3455652C1E737/libraries/KeyboardioHID/KeyboardioHID.a(BootKeyboard.cpp.o)
                0x0000000000003290                _ZN13BootKeyboard_11getProtocolEv
 .text._ZN13BootKeyboard_10sendReportEv
                0x0000000000003296       0x78 /var/folders/hv/wfz5y4fs3hbbzb0bjmnl07rw0000gn/T/arduino-sketch-7C60E303877333F780D3455652C1E737/libraries/KeyboardioHID/KeyboardioHID.a(BootKeyboard.cpp.o)
                0x0000000000003296                _ZN13BootKeyboard_10sendReportEv
 .text._ZN13BootKeyboard_5pressEh
                0x000000000000330e       0x4e /var/folders/hv/wfz5y4fs3hbbzb0bjmnl07rw0000gn/T/arduino-sketch-7C60E303877333F780D3455652C1E737/libraries/KeyboardioHID/KeyboardioHID.a(BootKeyboard.cpp.o)
                0x000000000000330e                _ZN13BootKeyboard_5pressEh
 .text._ZN13BootKeyboard_7releaseEh
                0x000000000000335c       0x70 /var/folders/hv/wfz5y4fs3hbbzb0bjmnl07rw0000gn/T/arduino-sketch-7C60E303877333F780D3455652C1E737/libraries/KeyboardioHID/KeyboardioHID.a(BootKeyboard.cpp.o)
                0x000000000000335c                _ZN13BootKeyboard_7releaseEh
 .text._ZN13BootKeyboard_10releaseAllEv
                0x00000000000033cc        0xe /var/folders/hv/wfz5y4fs3hbbzb0bjmnl07rw0000gn/T/arduino-sketch-7C60E303877333F780D3455652C1E737/libraries/KeyboardioHID/KeyboardioHID.a(BootKeyboard.cpp.o)
                0x00000000000033cc                _ZN13BootKeyboard_10releaseAllEv
 .text._ZN13BootKeyboard_5beginEv
                0x00000000000033da       0x20 /var/folders/hv/wfz5y4fs3hbbzb0bjmnl07rw0000gn/T/arduino-sketch-7C60E303877333F780D3455652C1E737/libraries/KeyboardioHID/KeyboardioHID.a(BootKeyboard.cpp.o)
                0x00000000000033da                _ZN13BootKeyboard_5beginEv
 .text.startup._GLOBAL__sub_I__ZN13BootKeyboard_C2Ev
                0x00000000000033fa        0x8 /var/folders/hv/wfz5y4fs3hbbzb0bjmnl07rw0000gn/T/arduino-sketch-7C60E303877333F780D3455652C1E737/libraries/KeyboardioHID/KeyboardioHID.a(BootKeyboard.cpp.o)
 .text._ZN16ConsumerControl_C2Ev
                0x0000000000003402       0x3a /var/folders/hv/wfz5y4fs3hbbzb0bjmnl07rw0000gn/T/arduino-sketch-7C60E303877333F780D3455652C1E737/libraries/KeyboardioHID/KeyboardioHID.a(ConsumerControl.cpp.o)
                0x0000000000003402                _ZN16ConsumerControl_C2Ev
                0x0000000000003402                _ZN16ConsumerControl_C1Ev
 .text._ZN16ConsumerControl_5pressEj
                0x000000000000343c       0x2a /var/folders/hv/wfz5y4fs3hbbzb0bjmnl07rw0000gn/T/arduino-sketch-7C60E303877333F780D3455652C1E737/libraries/KeyboardioHID/KeyboardioHID.a(ConsumerControl.cpp.o)
                0x000000000000343c                _ZN16ConsumerControl_5pressEj
 .text._ZN16ConsumerControl_10releaseAllEv
                0x0000000000003466        0xc /var/folders/hv/wfz5y4fs3hbbzb0bjmnl07rw0000gn/T/arduino-sketch-7C60E303877333F780D3455652C1E737/libraries/KeyboardioHID/KeyboardioHID.a(ConsumerControl.cpp.o)
                0x0000000000003466                _ZN16ConsumerControl_10releaseAllEv
 .text._ZN16ConsumerControl_19sendReportUncheckedEv
                0x0000000000003472       0x1a /var/folders/hv/wfz5y4fs3hbbzb0bjmnl07rw0000gn/T/arduino-sketch-7C60E303877333F780D3455652C1E737/libraries/KeyboardioHID/KeyboardioHID.a(ConsumerControl.cpp.o)
                0x0000000000003472                _ZN16ConsumerControl_19sendReportUncheckedEv
 .text._ZN16ConsumerControl_10sendReportEv
                0x000000000000348c       0x3e /var/folders/hv/wfz5y4fs3hbbzb0bjmnl07rw0000gn/T/arduino-sketch-7C60E303877333F780D3455652C1E737/libraries/KeyboardioHID/KeyboardioHID.a(ConsumerControl.cpp.o)
                0x000000000000348c                _ZN16ConsumerControl_10sendReportEv
 .text._ZN16ConsumerControl_3endEv
                0x00000000000034ca        0xe /var/folders/hv/wfz5y4fs3hbbzb0bjmnl07rw0000gn/T/arduino-sketch-7C60E303877333F780D3455652C1E737/libraries/KeyboardioHID/KeyboardioHID.a(ConsumerControl.cpp.o)
                0x00000000000034ca                _ZN16ConsumerControl_3endEv
 .text._ZN16ConsumerControl_5beginEv
                0x00000000000034d8        0x4 /var/folders/hv/wfz5y4fs3hbbzb0bjmnl07rw0000gn/T/arduino-sketch-7C60E303877333F780D3455652C1E737/libraries/KeyboardioHID/KeyboardioHID.a(ConsumerControl.cpp.o)
                0x00000000000034d8                _ZN16ConsumerControl_5beginEv
 .text.startup._GLOBAL__sub_I__ZN16ConsumerControl_C2Ev
                0x00000000000034dc        0x8 /var/folders/hv/wfz5y4fs3hbbzb0bjmnl07rw0000gn/T/arduino-sketch-7C60E303877333F780D3455652C1E737/libraries/KeyboardioHID/KeyboardioHID.a(ConsumerControl.cpp.o)
 .text._ZN9Keyboard_C2Ev
                0x00000000000034e4       0x3a /var/folders/hv/wfz5y4fs3hbbzb0bjmnl07rw0000gn/T/arduino-sketch-7C60E303877333F780D3455652C1E737/libraries/KeyboardioHID/KeyboardioHID.a(Keyboard.cpp.o)
                0x00000000000034e4                _ZN9Keyboard_C2Ev
                0x00000000000034e4                _ZN9Keyboard_C1Ev
 .text._ZN9Keyboard_19sendReportUncheckedEv
                0x000000000000351e       0x1a /var/folders/hv/wfz5y4fs3hbbzb0bjmnl07rw0000gn/T/arduino-sketch-7C60E303877333F780D3455652C1E737/libraries/KeyboardioHID/KeyboardioHID.a(Keyboard.cpp.o)
                0x000000000000351e                _ZN9Keyboard_19sendReportUncheckedEv
 .text._ZN9Keyboard_10sendReportEv
                0x0000000000003538       0xc0 /var/folders/hv/wfz5y4fs3hbbzb0bjmnl07rw0000gn/T/arduino-sketch-7C60E303877333F780D3455652C1E737/libraries/KeyboardioHID/KeyboardioHID.a(Keyboard.cpp.o)
                0x0000000000003538                _ZN9Keyboard_10sendReportEv
 .text._ZN9Keyboard_5pressEh
                0x00000000000035f8       0x4e /var/folders/hv/wfz5y4fs3hbbzb0bjmnl07rw0000gn/T/arduino-sketch-7C60E303877333F780D3455652C1E737/libraries/KeyboardioHID/KeyboardioHID.a(Keyboard.cpp.o)
                0x00000000000035f8                _ZN9Keyboard_5pressEh
 .text._ZN9Keyboard_7releaseEh
                0x0000000000003646       0x52 /var/folders/hv/wfz5y4fs3hbbzb0bjmnl07rw0000gn/T/arduino-sketch-7C60E303877333F780D3455652C1E737/libraries/KeyboardioHID/KeyboardioHID.a(Keyboard.cpp.o)
                0x0000000000003646                _ZN9Keyboard_7releaseEh
 .text._ZN9Keyboard_10releaseAllEv
                0x0000000000003698        0xc /var/folders/hv/wfz5y4fs3hbbzb0bjmnl07rw0000gn/T/arduino-sketch-7C60E303877333F780D3455652C1E737/libraries/KeyboardioHID/KeyboardioHID.a(Keyboard.cpp.o)
                0x0000000000003698                _ZN9Keyboard_10releaseAllEv
 .text._ZN9Keyboard_5beginEv
                0x00000000000036a4       0x14 /var/folders/hv/wfz5y4fs3hbbzb0bjmnl07rw0000gn/T/arduino-sketch-7C60E303877333F780D3455652C1E737/libraries/KeyboardioHID/KeyboardioHID.a(Keyboard.cpp.o)
                0x00000000000036a4                _ZN9Keyboard_5beginEv
 .text.startup._GLOBAL__sub_I__ZN9Keyboard_C2Ev
                0x00000000000036b8        0x8 /var/folders/hv/wfz5y4fs3hbbzb0bjmnl07rw0000gn/T/arduino-sketch-7C60E303877333F780D3455652C1E737/libraries/KeyboardioHID/KeyboardioHID.a(Keyboard.cpp.o)
 .text._ZN6Mouse_4moveEaaaa
                0x00000000000036c0       0x10 /var/folders/hv/wfz5y4fs3hbbzb0bjmnl07rw0000gn/T/arduino-sketch-7C60E303877333F780D3455652C1E737/libraries/KeyboardioHID/KeyboardioHID.a(Mouse.cpp.o)
                0x00000000000036c0                _ZN6Mouse_4moveEaaaa
 .text._ZN6Mouse_10releaseAllEv
                0x00000000000036d0        0xc /var/folders/hv/wfz5y4fs3hbbzb0bjmnl07rw0000gn/T/arduino-sketch-7C60E303877333F780D3455652C1E737/libraries/KeyboardioHID/KeyboardioHID.a(Mouse.cpp.o)
                0x00000000000036d0                _ZN6Mouse_10releaseAllEv
 .text._ZN6Mouse_5pressEh
                0x00000000000036dc        0xa /var/folders/hv/wfz5y4fs3hbbzb0bjmnl07rw0000gn/T/arduino-sketch-7C60E303877333F780D3455652C1E737/libraries/KeyboardioHID/KeyboardioHID.a(Mouse.cpp.o)
                0x00000000000036dc                _ZN6Mouse_5pressEh
 .text._ZN6Mouse_7releaseEh
                0x00000000000036e6        0xe /var/folders/hv/wfz5y4fs3hbbzb0bjmnl07rw0000gn/T/arduino-sketch-7C60E303877333F780D3455652C1E737/libraries/KeyboardioHID/KeyboardioHID.a(Mouse.cpp.o)
                0x00000000000036e6                _ZN6Mouse_7releaseEh
 .text._ZN6Mouse_19sendReportUncheckedEv
                0x00000000000036f4       0x1a /var/folders/hv/wfz5y4fs3hbbzb0bjmnl07rw0000gn/T/arduino-sketch-7C60E303877333F780D3455652C1E737/libraries/KeyboardioHID/KeyboardioHID.a(Mouse.cpp.o)
                0x00000000000036f4                _ZN6Mouse_19sendReportUncheckedEv
 .text._ZN6Mouse_10sendReportEv
                0x000000000000370e       0x50 /var/folders/hv/wfz5y4fs3hbbzb0bjmnl07rw0000gn/T/arduino-sketch-7C60E303877333F780D3455652C1E737/libraries/KeyboardioHID/KeyboardioHID.a(Mouse.cpp.o)
                0x000000000000370e                _ZN6Mouse_10sendReportEv
 .text._ZN6Mouse_3endEv
                0x000000000000375e       0x14 /var/folders/hv/wfz5y4fs3hbbzb0bjmnl07rw0000gn/T/arduino-sketch-7C60E303877333F780D3455652C1E737/libraries/KeyboardioHID/KeyboardioHID.a(Mouse.cpp.o)
                0x000000000000375e                _ZN6Mouse_3endEv
 .text._ZN6Mouse_5beginEv
                0x0000000000003772       0x4a /var/folders/hv/wfz5y4fs3hbbzb0bjmnl07rw0000gn/T/arduino-sketch-7C60E303877333F780D3455652C1E737/libraries/KeyboardioHID/KeyboardioHID.a(Mouse.cpp.o)
                0x0000000000003772                _ZN6Mouse_5beginEv
 .text._ZN14SystemControl_C2Ev
                0x00000000000037bc       0x3a /var/folders/hv/wfz5y4fs3hbbzb0bjmnl07rw0000gn/T/arduino-sketch-7C60E303877333F780D3455652C1E737/libraries/KeyboardioHID/KeyboardioHID.a(SystemControl.cpp.o)
                0x00000000000037bc                _ZN14SystemControl_C2Ev
                0x00000000000037bc                _ZN14SystemControl_C1Ev
 .text._ZN14SystemControl_10sendReportEPvi
                0x00000000000037f6       0x22 /var/folders/hv/wfz5y4fs3hbbzb0bjmnl07rw0000gn/T/arduino-sketch-7C60E303877333F780D3455652C1E737/libraries/KeyboardioHID/KeyboardioHID.a(SystemControl.cpp.o)
                0x00000000000037f6                _ZN14SystemControl_10sendReportEPvi
 .text._ZN14SystemControl_3endEv
                0x0000000000003818       0x22 /var/folders/hv/wfz5y4fs3hbbzb0bjmnl07rw0000gn/T/arduino-sketch-7C60E303877333F780D3455652C1E737/libraries/KeyboardioHID/KeyboardioHID.a(SystemControl.cpp.o)
                0x0000000000003818                _ZN14SystemControl_3endEv
 .text._ZN14SystemControl_5beginEv
                0x000000000000383a        0x4 /var/folders/hv/wfz5y4fs3hbbzb0bjmnl07rw0000gn/T/arduino-sketch-7C60E303877333F780D3455652C1E737/libraries/KeyboardioHID/KeyboardioHID.a(SystemControl.cpp.o)
                0x000000000000383a                _ZN14SystemControl_5beginEv
 .text._ZN14SystemControl_7releaseEv
                0x000000000000383e        0x4 /var/folders/hv/wfz5y4fs3hbbzb0bjmnl07rw0000gn/T/arduino-sketch-7C60E303877333F780D3455652C1E737/libraries/KeyboardioHID/KeyboardioHID.a(SystemControl.cpp.o)
                0x000000000000383e                _ZN14SystemControl_7releaseEv
 .text._ZN14SystemControl_5pressEh
                0x0000000000003842       0x30 /var/folders/hv/wfz5y4fs3hbbzb0bjmnl07rw0000gn/T/arduino-sketch-7C60E303877333F780D3455652C1E737/libraries/KeyboardioHID/KeyboardioHID.a(SystemControl.cpp.o)
                0x0000000000003842                _ZN14SystemControl_5pressEh
 .text.startup._GLOBAL__sub_I__ZN14SystemControl_C2Ev
                0x0000000000003872        0x8 /var/folders/hv/wfz5y4fs3hbbzb0bjmnl07rw0000gn/T/arduino-sketch-7C60E303877333F780D3455652C1E737/libraries/KeyboardioHID/KeyboardioHID.a(SystemControl.cpp.o)
 .text._ZN20SingleAbsoluteMouse_12getInterfaceEPh
                0x000000000000387a       0x92 /var/folders/hv/wfz5y4fs3hbbzb0bjmnl07rw0000gn/T/arduino-sketch-7C60E303877333F780D3455652C1E737/libraries/KeyboardioHID/KeyboardioHID.a(SingleAbsoluteMouse.cpp.o)
                0x000000000000387a                _ZN20SingleAbsoluteMouse_12getInterfaceEPh
 .text._ZN20SingleAbsoluteMouse_10sendReportEPvi
                0x000000000000390c       0x44 /var/folders/hv/wfz5y4fs3hbbzb0bjmnl07rw0000gn/T/arduino-sketch-7C60E303877333F780D3455652C1E737/libraries/KeyboardioHID/KeyboardioHID.a(SingleAbsoluteMouse.cpp.o)
                0x000000000000390c                _ZN20SingleAbsoluteMouse_10sendReportEPvi
                0x000000000000394a                _ZThn10_N20SingleAbsoluteMouse_10sendReportEPvi
 .text._ZN20SingleAbsoluteMouse_5setupER8USBSetup
                0x0000000000003950       0x46 /var/folders/hv/wfz5y4fs3hbbzb0bjmnl07rw0000gn/T/arduino-sketch-7C60E303877333F780D3455652C1E737/libraries/KeyboardioHID/KeyboardioHID.a(SingleAbsoluteMouse.cpp.o)
                0x0000000000003950                _ZN20SingleAbsoluteMouse_5setupER8USBSetup
 .text._ZN20SingleAbsoluteMouse_13getDescriptorER8USBSetup
                0x0000000000003996       0x3a /var/folders/hv/wfz5y4fs3hbbzb0bjmnl07rw0000gn/T/arduino-sketch-7C60E303877333F780D3455652C1E737/libraries/KeyboardioHID/KeyboardioHID.a(SingleAbsoluteMouse.cpp.o)
                0x0000000000003996                _ZN20SingleAbsoluteMouse_13getDescriptorER8USBSetup
 .text._ZN20SingleAbsoluteMouse_C2Ev
                0x00000000000039d0       0x4a /var/folders/hv/wfz5y4fs3hbbzb0bjmnl07rw0000gn/T/arduino-sketch-7C60E303877333F780D3455652C1E737/libraries/KeyboardioHID/KeyboardioHID.a(SingleAbsoluteMouse.cpp.o)
                0x00000000000039d0                _ZN20SingleAbsoluteMouse_C1Ev
                0x00000000000039d0                _ZN20SingleAbsoluteMouse_C2Ev
 .text.startup._GLOBAL__sub_I__ZN20SingleAbsoluteMouse_C2Ev
                0x0000000000003a1a        0x8 /var/folders/hv/wfz5y4fs3hbbzb0bjmnl07rw0000gn/T/arduino-sketch-7C60E303877333F780D3455652C1E737/libraries/KeyboardioHID/KeyboardioHID.a(SingleAbsoluteMouse.cpp.o)
 .text.__vector_23
                0x0000000000003a22       0x94 /var/folders/hv/wfz5y4fs3hbbzb0bjmnl07rw0000gn/T/arduino-sketch-7C60E303877333F780D3455652C1E737/core/core.a(wiring.c.o)
                0x0000000000003a22                __vector_23
 .text.millis   0x0000000000003ab6       0x18 /var/folders/hv/wfz5y4fs3hbbzb0bjmnl07rw0000gn/T/arduino-sketch-7C60E303877333F780D3455652C1E737/core/core.a(wiring.c.o)
                0x0000000000003ab6                millis
 .text.micros   0x0000000000003ace       0x4a /var/folders/hv/wfz5y4fs3hbbzb0bjmnl07rw0000gn/T/arduino-sketch-7C60E303877333F780D3455652C1E737/core/core.a(wiring.c.o)
                0x0000000000003ace                micros
 .text.delay    0x0000000000003b18       0x72 /var/folders/hv/wfz5y4fs3hbbzb0bjmnl07rw0000gn/T/arduino-sketch-7C60E303877333F780D3455652C1E737/core/core.a(wiring.c.o)
                0x0000000000003b18                delay
 .text.init     0x0000000000003b8a       0xac /var/folders/hv/wfz5y4fs3hbbzb0bjmnl07rw0000gn/T/arduino-sketch-7C60E303877333F780D3455652C1E737/core/core.a(wiring.c.o)
                0x0000000000003b8a                init
 .text._ZN7Serial_5writeEh
                0x0000000000003c36       0x2c /var/folders/hv/wfz5y4fs3hbbzb0bjmnl07rw0000gn/T/arduino-sketch-7C60E303877333F780D3455652C1E737/core/core.a(CDC.cpp.o)
                0x0000000000003c36                _ZN7Serial_5writeEh
 .text._ZN7Serial_4peekEv
                0x0000000000003c62       0x22 /var/folders/hv/wfz5y4fs3hbbzb0bjmnl07rw0000gn/T/arduino-sketch-7C60E303877333F780D3455652C1E737/core/core.a(CDC.cpp.o)
                0x0000000000003c62                _ZN7Serial_4peekEv
 .text._ZN7Serial_17availableForWriteEv
                0x0000000000003c84        0xa /var/folders/hv/wfz5y4fs3hbbzb0bjmnl07rw0000gn/T/arduino-sketch-7C60E303877333F780D3455652C1E737/core/core.a(CDC.cpp.o)
                0x0000000000003c84                _ZN7Serial_17availableForWriteEv
 .text._ZN7Serial_5flushEv
                0x0000000000003c8e        0x6 /var/folders/hv/wfz5y4fs3hbbzb0bjmnl07rw0000gn/T/arduino-sketch-7C60E303877333F780D3455652C1E737/core/core.a(CDC.cpp.o)
                0x0000000000003c8e                _ZN7Serial_5flushEv
 .text._ZN7Serial_9availableEv
                0x0000000000003c94       0x20 /var/folders/hv/wfz5y4fs3hbbzb0bjmnl07rw0000gn/T/arduino-sketch-7C60E303877333F780D3455652C1E737/core/core.a(CDC.cpp.o)
                0x0000000000003c94                _ZN7Serial_9availableEv
 .text._ZN7Serial_4readEv
                0x0000000000003cb4       0x1a /var/folders/hv/wfz5y4fs3hbbzb0bjmnl07rw0000gn/T/arduino-sketch-7C60E303877333F780D3455652C1E737/core/core.a(CDC.cpp.o)
                0x0000000000003cb4                _ZN7Serial_4readEv
 .text._ZN7Serial_5writeEPKhj
                0x0000000000003cce       0x2c /var/folders/hv/wfz5y4fs3hbbzb0bjmnl07rw0000gn/T/arduino-sketch-7C60E303877333F780D3455652C1E737/core/core.a(CDC.cpp.o)
                0x0000000000003cce                _ZN7Serial_5writeEPKhj
 .text._Z16isLUFAbootloaderv
                0x0000000000003cfa       0x14 /var/folders/hv/wfz5y4fs3hbbzb0bjmnl07rw0000gn/T/arduino-sketch-7C60E303877333F780D3455652C1E737/core/core.a(CDC.cpp.o)
                0x0000000000003cfa                _Z16isLUFAbootloaderv
 .text._Z16CDC_GetInterfacePh
                0x0000000000003d0e       0x16 /var/folders/hv/wfz5y4fs3hbbzb0bjmnl07rw0000gn/T/arduino-sketch-7C60E303877333F780D3455652C1E737/core/core.a(CDC.cpp.o)
                0x0000000000003d0e                _Z16CDC_GetInterfacePh
 .text._Z9CDC_SetupR8USBSetup
                0x0000000000003d24      0x11a /var/folders/hv/wfz5y4fs3hbbzb0bjmnl07rw0000gn/T/arduino-sketch-7C60E303877333F780D3455652C1E737/core/core.a(CDC.cpp.o)
                0x0000000000003d24                _Z9CDC_SetupR8USBSetup
 .text._ZN7Serial_5beginEm
                0x0000000000003e3e        0xc /var/folders/hv/wfz5y4fs3hbbzb0bjmnl07rw0000gn/T/arduino-sketch-7C60E303877333F780D3455652C1E737/core/core.a(CDC.cpp.o)
                0x0000000000003e3e                _ZN7Serial_5beginEm
 .text.startup._GLOBAL__sub_I__cdcInterface
                0x0000000000003e4a       0x2a /var/folders/hv/wfz5y4fs3hbbzb0bjmnl07rw0000gn/T/arduino-sketch-7C60E303877333F780D3455652C1E737/core/core.a(CDC.cpp.o)
 .text._ZN13PluggableUSB_12getInterfaceEPh
                0x0000000000003e74       0x50 /var/folders/hv/wfz5y4fs3hbbzb0bjmnl07rw0000gn/T/arduino-sketch-7C60E303877333F780D3455652C1E737/core/core.a(PluggableUSB.cpp.o)
                0x0000000000003e74                _ZN13PluggableUSB_12getInterfaceEPh
 .text._ZN13PluggableUSB_13getDescriptorER8USBSetup
                0x0000000000003ec4       0x3e /var/folders/hv/wfz5y4fs3hbbzb0bjmnl07rw0000gn/T/arduino-sketch-7C60E303877333F780D3455652C1E737/core/core.a(PluggableUSB.cpp.o)
                0x0000000000003ec4                _ZN13PluggableUSB_13getDescriptorER8USBSetup
 .text._ZN13PluggableUSB_12getShortNameEPc
                0x0000000000003f02       0x3e /var/folders/hv/wfz5y4fs3hbbzb0bjmnl07rw0000gn/T/arduino-sketch-7C60E303877333F780D3455652C1E737/core/core.a(PluggableUSB.cpp.o)
                0x0000000000003f02                _ZN13PluggableUSB_12getShortNameEPc
 .text._ZN13PluggableUSB_5setupER8USBSetup
                0x0000000000003f40       0x3c /var/folders/hv/wfz5y4fs3hbbzb0bjmnl07rw0000gn/T/arduino-sketch-7C60E303877333F780D3455652C1E737/core/core.a(PluggableUSB.cpp.o)
                0x0000000000003f40                _ZN13PluggableUSB_5setupER8USBSetup
 .text._ZN13PluggableUSB_4plugEP18PluggableUSBModule
                0x0000000000003f7c       0x88 /var/folders/hv/wfz5y4fs3hbbzb0bjmnl07rw0000gn/T/arduino-sketch-7C60E303877333F780D3455652C1E737/core/core.a(PluggableUSB.cpp.o)
                0x0000000000003f7c                _ZN13PluggableUSB_4plugEP18PluggableUSBModule
 .text._Z12PluggableUSBv
                0x0000000000004004       0x28 /var/folders/hv/wfz5y4fs3hbbzb0bjmnl07rw0000gn/T/arduino-sketch-7C60E303877333F780D3455652C1E737/core/core.a(PluggableUSB.cpp.o)
                0x0000000000004004                _Z12PluggableUSBv
 .text._ZN5Print5writeEPKc.part.2
                0x000000000000402c       0x1e /var/folders/hv/wfz5y4fs3hbbzb0bjmnl07rw0000gn/T/arduino-sketch-7C60E303877333F780D3455652C1E737/core/core.a(Print.cpp.o)
 .text._ZN5Print5printEPK19__FlashStringHelper
                0x000000000000404a       0x48 /var/folders/hv/wfz5y4fs3hbbzb0bjmnl07rw0000gn/T/arduino-sketch-7C60E303877333F780D3455652C1E737/core/core.a(Print.cpp.o)
                0x000000000000404a                _ZN5Print5printEPK19__FlashStringHelper
 .text._ZN5Print5printEc
                0x0000000000004092        0xe /var/folders/hv/wfz5y4fs3hbbzb0bjmnl07rw0000gn/T/arduino-sketch-7C60E303877333F780D3455652C1E737/core/core.a(Print.cpp.o)
                0x0000000000004092                _ZN5Print5printEc
 .text._ZN5Print7printlnEv
                0x00000000000040a0        0x8 /var/folders/hv/wfz5y4fs3hbbzb0bjmnl07rw0000gn/T/arduino-sketch-7C60E303877333F780D3455652C1E737/core/core.a(Print.cpp.o)
                0x00000000000040a0                _ZN5Print7printlnEv
 .text._ZN5Print7printlnEPK19__FlashStringHelper
                0x00000000000040a8       0x24 /var/folders/hv/wfz5y4fs3hbbzb0bjmnl07rw0000gn/T/arduino-sketch-7C60E303877333F780D3455652C1E737/core/core.a(Print.cpp.o)
                0x00000000000040a8                _ZN5Print7printlnEPK19__FlashStringHelper
 .text._ZN5Print11printNumberEmh
                0x00000000000040cc       0x98 /var/folders/hv/wfz5y4fs3hbbzb0bjmnl07rw0000gn/T/arduino-sketch-7C60E303877333F780D3455652C1E737/core/core.a(Print.cpp.o)
                0x00000000000040cc                _ZN5Print11printNumberEmh
 .text._ZN5Print5printEmi
                0x0000000000004164       0x1a /var/folders/hv/wfz5y4fs3hbbzb0bjmnl07rw0000gn/T/arduino-sketch-7C60E303877333F780D3455652C1E737/core/core.a(Print.cpp.o)
                0x0000000000004164                _ZN5Print5printEmi
 .text._ZN5Print5printEhi
                0x000000000000417e        0xe /var/folders/hv/wfz5y4fs3hbbzb0bjmnl07rw0000gn/T/arduino-sketch-7C60E303877333F780D3455652C1E737/core/core.a(Print.cpp.o)
                0x000000000000417e                _ZN5Print5printEhi
 .text._ZN5Print5printEji
                0x000000000000418c        0xc /var/folders/hv/wfz5y4fs3hbbzb0bjmnl07rw0000gn/T/arduino-sketch-7C60E303877333F780D3455652C1E737/core/core.a(Print.cpp.o)
                0x000000000000418c                _ZN5Print5printEji
 .text._ZN6Stream9timedPeekEv
                0x0000000000004198       0x5c /var/folders/hv/wfz5y4fs3hbbzb0bjmnl07rw0000gn/T/arduino-sketch-7C60E303877333F780D3455652C1E737/core/core.a(Stream.cpp.o)
                0x0000000000004198                _ZN6Stream9timedPeekEv
 .text._ZN6Stream13peekNextDigitE13LookaheadModeb
                0x00000000000041f4       0x74 /var/folders/hv/wfz5y4fs3hbbzb0bjmnl07rw0000gn/T/arduino-sketch-7C60E303877333F780D3455652C1E737/core/core.a(Stream.cpp.o)
                0x00000000000041f4                _ZN6Stream13peekNextDigitE13LookaheadModeb
 .text._ZN6Stream8parseIntE13LookaheadModec
                0x0000000000004268       0xc2 /var/folders/hv/wfz5y4fs3hbbzb0bjmnl07rw0000gn/T/arduino-sketch-7C60E303877333F780D3455652C1E737/core/core.a(Stream.cpp.o)
                0x0000000000004268                _ZN6Stream8parseIntE13LookaheadModec
 .text._ZL11SendControlh
                0x000000000000432a       0x5c /var/folders/hv/wfz5y4fs3hbbzb0bjmnl07rw0000gn/T/arduino-sketch-7C60E303877333F780D3455652C1E737/core/core.a(USBCore.cpp.o)
 .text._ZL24USB_SendStringDescriptorPKhhh
                0x0000000000004386       0x66 /var/folders/hv/wfz5y4fs3hbbzb0bjmnl07rw0000gn/T/arduino-sketch-7C60E303877333F780D3455652C1E737/core/core.a(USBCore.cpp.o)
 .text._ZL15USB_ClockEnablev
                0x00000000000043ec       0x46 /var/folders/hv/wfz5y4fs3hbbzb0bjmnl07rw0000gn/T/arduino-sketch-7C60E303877333F780D3455652C1E737/core/core.a(USBCore.cpp.o)
 .text._ZL14SendInterfacesv
                0x0000000000004432       0x2c /var/folders/hv/wfz5y4fs3hbbzb0bjmnl07rw0000gn/T/arduino-sketch-7C60E303877333F780D3455652C1E737/core/core.a(USBCore.cpp.o)
 .text._ZN6LockEPC2Eh
                0x000000000000445e       0x10 /var/folders/hv/wfz5y4fs3hbbzb0bjmnl07rw0000gn/T/arduino-sketch-7C60E303877333F780D3455652C1E737/core/core.a(USBCore.cpp.o)
                0x000000000000445e                _ZN6LockEPC1Eh
                0x000000000000445e                _ZN6LockEPC2Eh
 .text._Z13USB_Availableh
                0x000000000000446e       0x24 /var/folders/hv/wfz5y4fs3hbbzb0bjmnl07rw0000gn/T/arduino-sketch-7C60E303877333F780D3455652C1E737/core/core.a(USBCore.cpp.o)
                0x000000000000446e                _Z13USB_Availableh
 .text._Z8USB_RecvhPvi
                0x0000000000004492       0x7c /var/folders/hv/wfz5y4fs3hbbzb0bjmnl07rw0000gn/T/arduino-sketch-7C60E303877333F780D3455652C1E737/core/core.a(USBCore.cpp.o)
                0x0000000000004492                _Z8USB_RecvhPvi
 .text._Z8USB_Recvh
                0x000000000000450e       0x2e /var/folders/hv/wfz5y4fs3hbbzb0bjmnl07rw0000gn/T/arduino-sketch-7C60E303877333F780D3455652C1E737/core/core.a(USBCore.cpp.o)
                0x000000000000450e                _Z8USB_Recvh
 .text._Z13USB_SendSpaceh
                0x000000000000453c       0x34 /var/folders/hv/wfz5y4fs3hbbzb0bjmnl07rw0000gn/T/arduino-sketch-7C60E303877333F780D3455652C1E737/core/core.a(USBCore.cpp.o)
                0x000000000000453c                _Z13USB_SendSpaceh
 .text._Z8USB_SendhPKvi
                0x0000000000004570      0x14c /var/folders/hv/wfz5y4fs3hbbzb0bjmnl07rw0000gn/T/arduino-sketch-7C60E303877333F780D3455652C1E737/core/core.a(USBCore.cpp.o)
                0x0000000000004570                _Z8USB_SendhPKvi
 .text._Z11InitControli
                0x00000000000046bc       0x16 /var/folders/hv/wfz5y4fs3hbbzb0bjmnl07rw0000gn/T/arduino-sketch-7C60E303877333F780D3455652C1E737/core/core.a(USBCore.cpp.o)
                0x00000000000046bc                _Z11InitControli
 .text._Z15USB_SendControlhPKvi
                0x00000000000046d2       0x4c /var/folders/hv/wfz5y4fs3hbbzb0bjmnl07rw0000gn/T/arduino-sketch-7C60E303877333F780D3455652C1E737/core/core.a(USBCore.cpp.o)
                0x00000000000046d2                _Z15USB_SendControlhPKvi
 .text._Z15USB_RecvControlPvi
                0x000000000000471e       0x56 /var/folders/hv/wfz5y4fs3hbbzb0bjmnl07rw0000gn/T/arduino-sketch-7C60E303877333F780D3455652C1E737/core/core.a(USBCore.cpp.o)
                0x000000000000471e                _Z15USB_RecvControlPvi
 .text.__vector_11
                0x0000000000004774      0x2a6 /var/folders/hv/wfz5y4fs3hbbzb0bjmnl07rw0000gn/T/arduino-sketch-7C60E303877333F780D3455652C1E737/core/core.a(USBCore.cpp.o)
                0x0000000000004774                __vector_11
 .text._Z9USB_Flushh
                0x0000000000004a1a       0x14 /var/folders/hv/wfz5y4fs3hbbzb0bjmnl07rw0000gn/T/arduino-sketch-7C60E303877333F780D3455652C1E737/core/core.a(USBCore.cpp.o)
                0x0000000000004a1a                _Z9USB_Flushh
 .text.__vector_10
                0x0000000000004a2e       0xf0 /var/folders/hv/wfz5y4fs3hbbzb0bjmnl07rw0000gn/T/arduino-sketch-7C60E303877333F780D3455652C1E737/core/core.a(USBCore.cpp.o)
                0x0000000000004a2e                __vector_10
 .text._ZN10USBDevice_6attachEv
                0x0000000000004b1e       0x26 /var/folders/hv/wfz5y4fs3hbbzb0bjmnl07rw0000gn/T/arduino-sketch-7C60E303877333F780D3455652C1E737/core/core.a(USBCore.cpp.o)
                0x0000000000004b1e                _ZN10USBDevice_6attachEv
 .text._ZN10USBDevice_10wakeupHostEv
                0x0000000000004b44       0x38 /var/folders/hv/wfz5y4fs3hbbzb0bjmnl07rw0000gn/T/arduino-sketch-7C60E303877333F780D3455652C1E737/core/core.a(USBCore.cpp.o)
                0x0000000000004b44                _ZN10USBDevice_10wakeupHostEv
 .text._ZN12kaleidoscope6driver3hid4base8KeyboardINS1_10keyboardio13KeyboardPropsEE13releaseRawKeyENS_3KeyE.isra.17
                0x0000000000004b7c       0x26 /var/folders/hv/wfz5y4fs3hbbzb0bjmnl07rw0000gn/T/arduino-sketch-7C60E303877333F780D3455652C1E737/libraries/Kaleidoscope/Kaleidoscope.a(key_events.cpp.o)
 .text._ZN12kaleidoscope6driver3hid4base8KeyboardINS1_10keyboardio13KeyboardPropsEE11pressRawKeyENS_3KeyE.isra.14
                0x0000000000004ba2       0x26 /var/folders/hv/wfz5y4fs3hbbzb0bjmnl07rw0000gn/T/arduino-sketch-7C60E303877333F780D3455652C1E737/libraries/Kaleidoscope/Kaleidoscope.a(key_events.cpp.o)
 .text._ZN12kaleidoscope6driver3hid4base8KeyboardINS1_10keyboardio13KeyboardPropsEE8pressKeyENS_3KeyEb
                0x0000000000004bc8       0x7e /var/folders/hv/wfz5y4fs3hbbzb0bjmnl07rw0000gn/T/arduino-sketch-7C60E303877333F780D3455652C1E737/libraries/Kaleidoscope/Kaleidoscope.a(key_events.cpp.o)
                0x0000000000004bc8                _ZN12kaleidoscope6driver3hid4base8KeyboardINS1_10keyboardio13KeyboardPropsEE8pressKeyENS_3KeyEb
 .text._Z20handleKeyswitchEventN12kaleidoscope3KeyENS_10MatrixAddrILh4ELh12EEEh
                0x0000000000004c46      0x1fe /var/folders/hv/wfz5y4fs3hbbzb0bjmnl07rw0000gn/T/arduino-sketch-7C60E303877333F780D3455652C1E737/libraries/Kaleidoscope/Kaleidoscope.a(key_events.cpp.o)
                0x0000000000004c46                _Z20handleKeyswitchEventN12kaleidoscope3KeyENS_10MatrixAddrILh4ELh12EEEh
 .text._ZN4HID_12getInterfaceEPh
                0x0000000000004e44       0x96 /var/folders/hv/wfz5y4fs3hbbzb0bjmnl07rw0000gn/T/arduino-sketch-7C60E303877333F780D3455652C1E737/libraries/KeyboardioHID/KeyboardioHID.a(HID.cpp.o)
                0x0000000000004e44                _ZN4HID_12getInterfaceEPh
 .text._ZN4HID_13getDescriptorER8USBSetup
                0x0000000000004eda       0x82 /var/folders/hv/wfz5y4fs3hbbzb0bjmnl07rw0000gn/T/arduino-sketch-7C60E303877333F780D3455652C1E737/libraries/KeyboardioHID/KeyboardioHID.a(HID.cpp.o)
                0x0000000000004eda                _ZN4HID_13getDescriptorER8USBSetup
 .text._ZN4HID_5setupER8USBSetup
                0x0000000000004f5c       0x86 /var/folders/hv/wfz5y4fs3hbbzb0bjmnl07rw0000gn/T/arduino-sketch-7C60E303877333F780D3455652C1E737/libraries/KeyboardioHID/KeyboardioHID.a(HID.cpp.o)
                0x0000000000004f5c                _ZN4HID_5setupER8USBSetup
 .text._ZN4HID_16AppendDescriptorEP16HIDSubDescriptor
                0x0000000000004fe2       0x36 /var/folders/hv/wfz5y4fs3hbbzb0bjmnl07rw0000gn/T/arduino-sketch-7C60E303877333F780D3455652C1E737/libraries/KeyboardioHID/KeyboardioHID.a(HID.cpp.o)
                0x0000000000004fe2                _ZN4HID_16AppendDescriptorEP16HIDSubDescriptor
 .text._ZN4HID_11SendReport_EhPKvi
                0x0000000000005018       0x6a /var/folders/hv/wfz5y4fs3hbbzb0bjmnl07rw0000gn/T/arduino-sketch-7C60E303877333F780D3455652C1E737/libraries/KeyboardioHID/KeyboardioHID.a(HID.cpp.o)
                0x0000000000005018                _ZN4HID_11SendReport_EhPKvi
 .text._ZN4HID_10SendReportEhPKvi
                0x0000000000005082       0x42 /var/folders/hv/wfz5y4fs3hbbzb0bjmnl07rw0000gn/T/arduino-sketch-7C60E303877333F780D3455652C1E737/libraries/KeyboardioHID/KeyboardioHID.a(HID.cpp.o)
                0x0000000000005082                _ZN4HID_10SendReportEhPKvi
 .text._ZN4HID_C2Ev
                0x00000000000050c4       0x44 /var/folders/hv/wfz5y4fs3hbbzb0bjmnl07rw0000gn/T/arduino-sketch-7C60E303877333F780D3455652C1E737/libraries/KeyboardioHID/KeyboardioHID.a(HID.cpp.o)
                0x00000000000050c4                _ZN4HID_C2Ev